Archive member included to satisfy reference by file (symbol)

c:/nxp/mcuxpressoide_11.5.0_7232/ide/plugins/com.nxp.mcuxpresso.tools.win32_11.5.0.202107051138/tools/bin/../lib/gcc/arm-none-eabi/10.3.1/../../../../arm-none-eabi/lib/thumb/v7e-m+dp/hard\libcr_nohost_nf.a(_cr__main.o)
                              ./startup/startup_mimxrt1052.o (__main)
c:/nxp/mcuxpressoide_11.5.0_7232/ide/plugins/com.nxp.mcuxpresso.tools.win32_11.5.0.202107051138/tools/bin/../lib/gcc/arm-none-eabi/10.3.1/../../../../arm-none-eabi/lib/thumb/v7e-m+dp/hard\libcr_c.a(memcpy.o)
                              ./utilities/fsl_debug_console.o (memcpy)
c:/nxp/mcuxpressoide_11.5.0_7232/ide/plugins/com.nxp.mcuxpresso.tools.win32_11.5.0.202107051138/tools/bin/../lib/gcc/arm-none-eabi/10.3.1/../../../../arm-none-eabi/lib/thumb/v7e-m+dp/hard\libcr_c.a(memset.o)
                              ./source/lpuart_polling.o (memset)
c:/nxp/mcuxpressoide_11.5.0_7232/ide/plugins/com.nxp.mcuxpresso.tools.win32_11.5.0.202107051138/tools/bin/../lib/gcc/arm-none-eabi/10.3.1/../../../../arm-none-eabi/lib/thumb/v7e-m+dp/hard\libcr_c.a(alloc.o)
                              ./drivers/fsl_common.o (malloc)
c:/nxp/mcuxpressoide_11.5.0_7232/ide/plugins/com.nxp.mcuxpresso.tools.win32_11.5.0.202107051138/tools/bin/../lib/gcc/arm-none-eabi/10.3.1/../../../../arm-none-eabi/lib/thumb/v7e-m+dp/hard\libcr_c.a(initio.o)
                              c:/nxp/mcuxpressoide_11.5.0_7232/ide/plugins/com.nxp.mcuxpresso.tools.win32_11.5.0.202107051138/tools/bin/../lib/gcc/arm-none-eabi/10.3.1/../../../../arm-none-eabi/lib/thumb/v7e-m+dp/hard\libcr_nohost_nf.a(_cr__main.o) (_initio)
c:/nxp/mcuxpressoide_11.5.0_7232/ide/plugins/com.nxp.mcuxpresso.tools.win32_11.5.0.202107051138/tools/bin/../lib/gcc/arm-none-eabi/10.3.1/../../../../arm-none-eabi/lib/thumb/v7e-m+dp/hard\libcr_c.a(modf.o)
                              ./utilities/fsl_debug_console.o (modf)
c:/nxp/mcuxpressoide_11.5.0_7232/ide/plugins/com.nxp.mcuxpresso.tools.win32_11.5.0.202107051138/tools/bin/../lib/gcc/arm-none-eabi/10.3.1/../../../../arm-none-eabi/lib/thumb/v7e-m+dp/hard\libcr_c.a(pow.o)
                              ./utilities/fsl_debug_console.o (pow)
c:/nxp/mcuxpressoide_11.5.0_7232/ide/plugins/com.nxp.mcuxpresso.tools.win32_11.5.0.202107051138/tools/bin/../lib/gcc/arm-none-eabi/10.3.1/../../../../arm-none-eabi/lib/thumb/v7e-m+dp/hard\libcr_c.a(setvbuf.o)
                              c:/nxp/mcuxpressoide_11.5.0_7232/ide/plugins/com.nxp.mcuxpresso.tools.win32_11.5.0.202107051138/tools/bin/../lib/gcc/arm-none-eabi/10.3.1/../../../../arm-none-eabi/lib/thumb/v7e-m+dp/hard\libcr_c.a(initio.o) (setvbuf)
c:/nxp/mcuxpressoide_11.5.0_7232/ide/plugins/com.nxp.mcuxpresso.tools.win32_11.5.0.202107051138/tools/bin/../lib/gcc/arm-none-eabi/10.3.1/../../../../arm-none-eabi/lib/thumb/v7e-m+dp/hard\libcr_c.a(strlen.o)
                              ./utilities/fsl_debug_console.o (strlen)
c:/nxp/mcuxpressoide_11.5.0_7232/ide/plugins/com.nxp.mcuxpresso.tools.win32_11.5.0.202107051138/tools/bin/../lib/gcc/arm-none-eabi/10.3.1/../../../../arm-none-eabi/lib/thumb/v7e-m+dp/hard\libcr_c.a(__init_alloc.o)
                              c:/nxp/mcuxpressoide_11.5.0_7232/ide/plugins/com.nxp.mcuxpresso.tools.win32_11.5.0.202107051138/tools/bin/../lib/gcc/arm-none-eabi/10.3.1/../../../../arm-none-eabi/lib/thumb/v7e-m+dp/hard\libcr_c.a(alloc.o) (__heaps)
c:/nxp/mcuxpressoide_11.5.0_7232/ide/plugins/com.nxp.mcuxpresso.tools.win32_11.5.0.202107051138/tools/bin/../lib/gcc/arm-none-eabi/10.3.1/../../../../arm-none-eabi/lib/thumb/v7e-m+dp/hard\libcr_c.a(_cr_sbrk.o)
                              c:/nxp/mcuxpressoide_11.5.0_7232/ide/plugins/com.nxp.mcuxpresso.tools.win32_11.5.0.202107051138/tools/bin/../lib/gcc/arm-none-eabi/10.3.1/../../../../arm-none-eabi/lib/thumb/v7e-m+dp/hard\libcr_c.a(alloc.o) (_sbrk)
c:/nxp/mcuxpressoide_11.5.0_7232/ide/plugins/com.nxp.mcuxpresso.tools.win32_11.5.0.202107051138/tools/bin/../lib/gcc/arm-none-eabi/10.3.1/../../../../arm-none-eabi/lib/thumb/v7e-m+dp/hard\libcr_c.a(_fdopen.o)
                              c:/nxp/mcuxpressoide_11.5.0_7232/ide/plugins/com.nxp.mcuxpresso.tools.win32_11.5.0.202107051138/tools/bin/../lib/gcc/arm-none-eabi/10.3.1/../../../../arm-none-eabi/lib/thumb/v7e-m+dp/hard\libcr_c.a(initio.o) (_fdopen)
c:/nxp/mcuxpressoide_11.5.0_7232/ide/plugins/com.nxp.mcuxpresso.tools.win32_11.5.0.202107051138/tools/bin/../lib/gcc/arm-none-eabi/10.3.1/../../../../arm-none-eabi/lib/thumb/v7e-m+dp/hard\libcr_c.a(errno.o)
                              c:/nxp/mcuxpressoide_11.5.0_7232/ide/plugins/com.nxp.mcuxpresso.tools.win32_11.5.0.202107051138/tools/bin/../lib/gcc/arm-none-eabi/10.3.1/../../../../arm-none-eabi/lib/thumb/v7e-m+dp/hard\libcr_c.a(pow.o) (errno)
c:/nxp/mcuxpressoide_11.5.0_7232/ide/plugins/com.nxp.mcuxpresso.tools.win32_11.5.0.202107051138/tools/bin/../lib/gcc/arm-none-eabi/10.3.1/../../../../arm-none-eabi/lib/thumb/v7e-m+dp/hard\libcr_c.a(fclose.o)
[...]
Memory Configuration

Name             Origin             Length             Attributes
BOARD_FLASH      0x60000000         0x04000000         xr
SRAM_DTC         0x20000000         0x00020000         xrw
SRAM_ITC         0x00000000         0x00020000         xrw
SRAM_OC          0x20200000         0x00040000         xrw
BOARD_SDRAM      0x80000000         0x01e00000         xrw
NCACHE_REGION    0x81e00000         0x00200000         xrw
*default*        0x00000000         0xffffffff

Linker script and memory map

LOAD ./xip/evkbimxrt1050_flexspi_nor_config.o
LOAD ./xip/fsl_flexspi_nor_boot.o
LOAD ./utilities/fsl_assert.o
LOAD ./utilities/fsl_debug_console.o
LOAD ./startup/startup_mimxrt1052.o
LOAD ./source/lpuart_polling.o
LOAD ./source/semihost_hardfault.o
LOAD ./drivers/fsl_clock.o
LOAD ./drivers/fsl_common.o
LOAD ./drivers/fsl_common_arm.o
LOAD ./drivers/fsl_gpio.o
LOAD ./drivers/fsl_lpuart.o
LOAD ./device/system_MIMXRT1052.o
LOAD ./component/uart/fsl_adapter_lpuart.o
LOAD ./component/lists/fsl_component_generic_list.o
LOAD ./board/board.o
LOAD ./board/clock_config.o
LOAD ./board/dcd.o
LOAD ./board/pin_mux.o
START GROUP
LOAD c:/nxp/mcuxpressoide_11.5.0_7232/ide/plugins/com.nxp.mcuxpresso.tools.win32_11.5.0.202107051138/tools/bin/../lib/gcc/arm-none-eabi/10.3.1/../../../../arm-none-eabi/lib/thumb/v7e-m+dp/hard\libcr_nohost_nf.a
LOAD c:/nxp/mcuxpressoide_11.5.0_7232/ide/plugins/com.nxp.mcuxpresso.tools.win32_11.5.0.202107051138/tools/bin/../lib/gcc/arm-none-eabi/10.3.1/../../../../arm-none-eabi/lib/thumb/v7e-m+dp/hard\libcr_c.a
LOAD c:/nxp/mcuxpressoide_11.5.0_7232/ide/plugins/com.nxp.mcuxpresso.tools.win32_11.5.0.202107051138/tools/bin/../lib/gcc/arm-none-eabi/10.3.1/thumb/v7e-m+dp/hard\libcr_eabihelpers.a
LOAD c:/nxp/mcuxpressoide_11.5.0_7232/ide/plugins/com.nxp.mcuxpresso.tools.win32_11.5.0.202107051138/tools/bin/../lib/gcc/arm-none-eabi/10.3.1/thumb/v7e-m+dp/hard\libgcc.a
END GROUP
                0x60000000                __base_BOARD_FLASH = 0x60000000
                0x60000000                __base_Flash = 0x60000000
                0x64000000                __top_BOARD_FLASH = 0x64000000
                0x64000000                __top_Flash = 0x64000000
                0x20000000                __base_SRAM_DTC = 0x20000000
                0x20000000                __base_RAM = 0x20000000
                0x20020000                __top_SRAM_DTC = 0x20020000
                0x20020000                __top_RAM = 0x20020000
                0x00000000                __base_SRAM_ITC = 0x0
                0x00000000                __base_RAM2 = 0x0
                0x00020000                __top_SRAM_ITC = 0x20000
                0x00020000                __top_RAM2 = 0x20000
                0x20200000                __base_SRAM_OC = 0x20200000
                0x20200000                __base_RAM3 = 0x20200000
                0x20240000                __top_SRAM_OC = 0x20240000
                0x20240000                __top_RAM3 = 0x20240000
                0x80000000                __base_BOARD_SDRAM = 0x80000000
                0x80000000                __base_RAM4 = 0x80000000
                0x81e00000                __top_BOARD_SDRAM = 0x81e00000
                0x81e00000                __top_RAM4 = 0x81e00000
                0x81e00000                __base_NCACHE_REGION = 0x81e00000
                0x81e00000                __base_RAM5 = 0x81e00000
                0x82000000                __top_NCACHE_REGION = 0x82000000
                0x82000000                __top_RAM5 = 0x82000000

.boot_hdr       0x60000000     0x2000
 FILL mask 0xff
                0x60000000                __boot_hdr_start__ = ABSOLUTE (.)
 *(SORT_BY_ALIGNMENT(.boot_hdr.conf))
 .boot_hdr.conf
                0x60000000      0x200 ./xip/evkbimxrt1050_flexspi_nor_config.o
                0x60000000                qspiflash_config
                0x00001000                . = 0x1000
 *fill*         0x60000200      0xe00 ff
 *(SORT_BY_ALIGNMENT(.boot_hdr.ivt))
 .boot_hdr.ivt  0x60001000       0x20 ./xip/fsl_flexspi_nor_boot.o
                0x60001000                image_vector_table
                0x00001020                . = 0x1020
 *(SORT_BY_ALIGNMENT(.boot_hdr.boot_data))
 .boot_hdr.boot_data
                0x60001020       0x10 ./xip/fsl_flexspi_nor_boot.o
                0x60001020                g_boot_data
                0x00001030                . = 0x1030
 *(SORT_BY_ALIGNMENT(.boot_hdr.dcd_data))
                0x60001030                __boot_hdr_end__ = ABSOLUTE (.)
                0x00002000                . = 0x2000
 *fill*         0x60001030      0xfd0 ff

.text           0x60002000     0x5600
 FILL mask 0xff
                0x60002000                __vectors_start__ = ABSOLUTE (.)
 *(SORT_BY_ALIGNMENT(.isr_vector))
 .isr_vector    0x60002000      0x2a0 ./startup/startup_mimxrt1052.o
                0x60002000                g_pfnVectors
                0x60002000                __Vectors
                0x600022a0                . = ALIGN (0x4)
                0x600022a0                __section_table_start = .
                0x600022a0                __data_section_table = .
                0x600022a0        0x4 LONG 0x60007600 LOADADDR (.data)
                0x600022a4        0x4 LONG 0x20000000 ADDR (.data)
                0x600022a8        0x4 LONG 0x4 SIZEOF (.data)
                0x600022ac        0x4 LONG 0x60007600 LOADADDR (.data_RAM2)
                0x600022b0        0x4 LONG 0x0 ADDR (.data_RAM2)
                0x600022b4        0x4 LONG 0x0 SIZEOF (.data_RAM2)
                0x600022b8        0x4 LONG 0x60007600 LOADADDR (.data_RAM3)
                0x600022bc        0x4 LONG 0x20200000 ADDR (.data_RAM3)
                0x600022c0        0x4 LONG 0x0 SIZEOF (.data_RAM3)
                0x600022c4        0x4 LONG 0x60007600 LOADADDR (.data_RAM4)
                0x600022c8        0x4 LONG 0x80000000 ADDR (.data_RAM4)
                0x600022cc        0x4 LONG 0x0 SIZEOF (.data_RAM4)
                0x600022d0        0x4 LONG 0x60007600 LOADADDR (.data_RAM5)
                0x600022d4        0x4 LONG 0x81e00000 ADDR (.data_RAM5)
                0x600022d8        0x4 LONG 0x0 SIZEOF (.data_RAM5)
                0x600022dc                __data_section_table_end = .
                0x600022dc                __bss_section_table = .
                0x600022dc        0x4 LONG 0x20000004 ADDR (.bss)
                0x600022e0        0x4 LONG 0xfc SIZEOF (.bss)
                0x600022e4        0x4 LONG 0x0 ADDR (.bss_RAM2)
                0x600022e8        0x4 LONG 0x0 SIZEOF (.bss_RAM2)
                0x600022ec        0x4 LONG 0x20200000 ADDR (.bss_RAM3)
                0x600022f0        0x4 LONG 0x0 SIZEOF (.bss_RAM3)
                0x600022f4        0x4 LONG 0x80000000 ADDR (.bss_RAM4)
                0x600022f8        0x4 LONG 0x0 SIZEOF (.bss_RAM4)
                0x600022fc        0x4 LONG 0x81e00000 ADDR (.bss_RAM5)
                0x60002300        0x4 LONG 0x0 SIZEOF (.bss_RAM5)
                0x60002304                __bss_section_table_end = .
                0x60002304                __section_table_end = .
 *(SORT_BY_ALIGNMENT(.after_vectors*))
 .after_vectors.reset
                0x60002304       0x54 ./startup/startup_mimxrt1052.o
                0x60002304                ResetISR
 .after_vectors.init_data
                0x60002358       0x1e ./startup/startup_mimxrt1052.o
                0x60002358                data_init
 .after_vectors.init_bss
                0x60002376       0x12 ./startup/startup_mimxrt1052.o
                0x60002376                bss_init
 .after_vectors
                0x60002388       0x14 ./startup/startup_mimxrt1052.o
                0x60002388                NMI_Handler
                0x6000238c                MemManage_Handler
                0x6000238e                BusFault_Handler
                0x60002390                UsageFault_Handler
                0x60002392                SVC_Handler
                0x60002394                DebugMon_Handler
                0x60002396                PendSV_Handler
                0x60002398                SysTick_Handler
                0x6000239a                PIT_DriverIRQHandler
                0x6000239a                PMU_EVENT_DriverIRQHandler
                0x6000239a                PWM4_FAULT_DriverIRQHandler
                0x6000239a                DMA13_DMA29_DriverIRQHandler
                0x6000239a                SAI3_RX_DriverIRQHandler
                0x6000239a                LPSPI4_DriverIRQHandler
                0x6000239a                SEMC_DriverIRQHandler
                0x6000239a                SPDIF_DriverIRQHandler
                0x6000239a                CCM_2_DriverIRQHandler
                0x6000239a                PWM4_3_DriverIRQHandler
                0x6000239a                FLEXRAM_DriverIRQHandler
                0x6000239a                LCDIF_DriverIRQHandler
                0x6000239a                USB_PHY1_DriverIRQHandler
                0x6000239a                GPIO3_Combined_0_15_DriverIRQHandler
                0x6000239a                DMA7_DMA23_DriverIRQHandler
                0x6000239a                BEE_DriverIRQHandler
                0x6000239a                LPI2C3_DriverIRQHandler
                0x6000239a                GPR_IRQ_DriverIRQHandler
                0x6000239a                PWM2_FAULT_DriverIRQHandler
                0x6000239a                PWM3_1_DriverIRQHandler
                0x6000239a                DMA14_DMA30_DriverIRQHandler
                0x6000239a                TMR1_DriverIRQHandler
                0x6000239a                TRNG_DriverIRQHandler
                0x6000239a                PWM3_2_DriverIRQHandler
                0x6000239a                ENET_1588_Timer_DriverIRQHandler
                0x6000239a                FLEXIO2_DriverIRQHandler
                0x6000239a                GPIO2_Combined_16_31_DriverIRQHandler
                0x6000239a                Reserved143_DriverIRQHandler
                0x6000239a                LPSPI2_DriverIRQHandler
                0x6000239a                PWM4_1_DriverIRQHandler
                0x6000239a                PWM3_3_DriverIRQHandler
                0x6000239a                DMA0_DMA16_DriverIRQHandler
                0x6000239a                IntDefaultHandler
                0x6000239a                DMA2_DMA18_DriverIRQHandler
                0x6000239a                SRC_DriverIRQHandler
                0x6000239a                GPIO1_INT4_DriverIRQHandler
                0x6000239a                Reserved144_DriverIRQHandler
                0x6000239a                USDHC1_DriverIRQHandler
                0x6000239a                ENC3_DriverIRQHandler
                0x6000239a                PWM3_FAULT_DriverIRQHandler
                0x6000239a                EWM_DriverIRQHandler
                0x6000239a                TSC_DIG_DriverIRQHandler
                0x6000239a                KPP_DriverIRQHandler
                0x6000239a                FLEXIO1_DriverIRQHandler
                0x6000239a                ENET_DriverIRQHandler
                0x6000239a                Reserved78_DriverIRQHandler
                0x6000239a                TMR4_DriverIRQHandler
                0x6000239a                ENC2_DriverIRQHandler
                0x6000239a                ADC_ETC_IRQ2_DriverIRQHandler
                0x6000239a                GPIO1_Combined_16_31_DriverIRQHandler
                0x6000239a                GPIO1_INT7_DriverIRQHandler
                0x6000239a                SAI1_DriverIRQHandler
                0x6000239a                DCDC_DriverIRQHandler
                0x6000239a                DMA12_DMA28_DriverIRQHandler
                0x6000239a                PWM4_0_DriverIRQHandler
                0x6000239a                ADC_ETC_ERROR_IRQ_DriverIRQHandler
                0x6000239a                ACMP2_DriverIRQHandler
                0x6000239a                GPIO5_Combined_0_15_DriverIRQHandler
                0x6000239a                GPIO1_INT0_DriverIRQHandler
                0x6000239a                GPIO1_INT2_DriverIRQHandler
                0x6000239a                RTWDOG_DriverIRQHandler
                0x6000239a                FLEXSPI_DriverIRQHandler
                0x6000239a                GPT2_DriverIRQHandler
                0x6000239a                USB_PHY2_DriverIRQHandler
                0x6000239a                DMA10_DMA26_DriverIRQHandler
                0x6000239a                PWM2_1_DriverIRQHandler
                0x6000239a                PWM1_1_DriverIRQHandler
                0x6000239a                PXP_DriverIRQHandler
                0x6000239a                ADC1_DriverIRQHandler
                0x6000239a                PWM1_0_DriverIRQHandler
                0x6000239a                SJC_DriverIRQHandler
                0x6000239a                DMA1_DMA17_DriverIRQHandler
                0x6000239a                ENC1_DriverIRQHandler
                0x6000239a                ENC4_DriverIRQHandler
                0x6000239a                CAN2_DriverIRQHandler
                0x6000239a                DCP_DriverIRQHandler
                0x6000239a                CTI0_ERROR_DriverIRQHandler
                0x6000239a                DMA8_DMA24_DriverIRQHandler
                0x6000239a                GPT1_DriverIRQHandler
                0x6000239a                ACMP3_DriverIRQHandler
                0x6000239a                DMA6_DMA22_DriverIRQHandler
                0x6000239a                CSU_DriverIRQHandler
                0x6000239a                GPIO1_INT5_DriverIRQHandler
                0x6000239a                TMR3_DriverIRQHandler
                0x6000239a                TMR2_DriverIRQHandler
                0x6000239a                CTI1_ERROR_DriverIRQHandler
                0x6000239a                GPIO1_Combined_0_15_DriverIRQHandler
                0x6000239a                USDHC2_DriverIRQHandler
                0x6000239a                PWM4_2_DriverIRQHandler
                0x6000239a                Reserved87_DriverIRQHandler
                0x6000239a                SAI2_DriverIRQHandler
                0x6000239a                CORE_DriverIRQHandler
                0x6000239a                WDOG1_DriverIRQHandler
                0x6000239a                DMA11_DMA27_DriverIRQHandler
                0x6000239a                CSI_DriverIRQHandler
                0x6000239a                PWM2_3_DriverIRQHandler
                0x6000239a                XBAR1_IRQ_2_3_DriverIRQHandler
                0x6000239a                SNVS_HP_WRAPPER_TZ_DriverIRQHandler
                0x6000239a                GPIO3_Combined_16_31_DriverIRQHandler
                0x6000239a                PWM1_FAULT_DriverIRQHandler
                0x6000239a                LPI2C1_DriverIRQHandler
                0x6000239a                PWM2_2_DriverIRQHandler
                0x6000239a                DMA4_DMA20_DriverIRQHandler
                0x6000239a                DMA9_DMA25_DriverIRQHandler
                0x6000239a                SNVS_HP_WRAPPER_DriverIRQHandler
                0x6000239a                XBAR1_IRQ_0_1_DriverIRQHandler
                0x6000239a                ADC_ETC_IRQ1_DriverIRQHandler
                0x6000239a                LPSPI1_DriverIRQHandler
                0x6000239a                DMA3_DMA19_DriverIRQHandler
                0x6000239a                GPIO1_INT3_DriverIRQHandler
                0x6000239a                DCP_VMI_DriverIRQHandler
                0x6000239a                LPI2C4_DriverIRQHandler
                0x6000239a                GPC_DriverIRQHandler
                0x6000239a                Reserved123_DriverIRQHandler
                0x6000239a                GPIO2_Combined_0_15_DriverIRQHandler
                0x6000239a                PWM1_2_DriverIRQHandler
                0x6000239a                USB_OTG1_DriverIRQHandler
                0x6000239a                TEMP_LOW_HIGH_DriverIRQHandler
                0x6000239a                SAI3_TX_DriverIRQHandler
                0x6000239a                WDOG2_DriverIRQHandler
                0x6000239a                Reserved68_DriverIRQHandler
                0x6000239a                PWM3_0_DriverIRQHandler
                0x6000239a                GPIO4_Combined_0_15_DriverIRQHandler
                0x6000239a                GPIO4_Combined_16_31_DriverIRQHandler
                0x6000239a                GPIO5_Combined_16_31_DriverIRQHandler
                0x6000239a                DMA5_DMA21_DriverIRQHandler
                0x6000239a                CCM_1_DriverIRQHandler
                0x6000239a                ADC2_DriverIRQHandler
                0x6000239a                Reserved115_DriverIRQHandler
                0x6000239a                TEMP_PANIC_DriverIRQHandler
                0x6000239a                ACMP4_DriverIRQHandler
                0x6000239a                DMA15_DMA31_DriverIRQHandler
                0x6000239a                LPSPI3_DriverIRQHandler
                0x6000239a                PWM1_3_DriverIRQHandler
                0x6000239a                ACMP1_DriverIRQHandler
                0x6000239a                LPI2C2_DriverIRQHandler
                0x6000239a                Reserved86_DriverIRQHandler
                0x6000239a                DMA_ERROR_DriverIRQHandler
                0x6000239a                ADC_ETC_IRQ0_DriverIRQHandler
                0x6000239a                CAN1_DriverIRQHandler
                0x6000239a                GPIO1_INT6_DriverIRQHandler
                0x6000239a                GPIO1_INT1_DriverIRQHandler
                0x6000239a                PWM2_0_DriverIRQHandler
                0x6000239a                SNVS_LP_WRAPPER_DriverIRQHandler
                0x6000239a                USB_OTG2_DriverIRQHandler
 *(SORT_BY_ALIGNMENT(.text*))
 *fill*         0x6000239c        0x4 ff
 .text.modf     0x600023a0       0x7c c:/nxp/mcuxpressoide_11.5.0_7232/ide/plugins/com.nxp.mcuxpresso.tools.win32_11.5.0.202107051138/tools/bin/../lib/gcc/arm-none-eabi/10.3.1/../../../../arm-none-eabi/lib/thumb/v7e-m+dp/hard\libcr_c.a(modf.o)
                0x600023a0                modf
 *fill*         0x6000241c        0x4 ff
 .text.pow      0x60002420      0x368 c:/nxp/mcuxpressoide_11.5.0_7232/ide/plugins/com.nxp.mcuxpresso.tools.win32_11.5.0.202107051138/tools/bin/../lib/gcc/arm-none-eabi/10.3.1/../../../../arm-none-eabi/lib/thumb/v7e-m+dp/hard\libcr_c.a(pow.o)
                0x60002420                pow
 .text.frexp    0x60002788       0x60 c:/nxp/mcuxpressoide_11.5.0_7232/ide/plugins/com.nxp.mcuxpresso.tools.win32_11.5.0.202107051138/tools/bin/../lib/gcc/arm-none-eabi/10.3.1/../../../../arm-none-eabi/lib/thumb/v7e-m+dp/hard\libcr_c.a(frexp.o)
                0x60002788                frexp
 .text.ldexp    0x600027e8       0x54 c:/nxp/mcuxpressoide_11.5.0_7232/ide/plugins/com.nxp.mcuxpresso.tools.win32_11.5.0.202107051138/tools/bin/../lib/gcc/arm-none-eabi/10.3.1/../../../../arm-none-eabi/lib/thumb/v7e-m+dp/hard\libcr_c.a(ldexp.o)
                0x600027e8                ldexp
 .text.__assertion_failed
                0x6000283c       0x18 ./utilities/fsl_assert.o
                0x6000283c                __assertion_failed
 .text.DbgConsole_Init
                0x60002854       0x74 ./utilities/fsl_debug_console.o
                0x60002854                DbgConsole_Init
 .text.DbgConsole_Vprintf
                0x600028c8       0x3c ./utilities/fsl_debug_console.o
                0x600028c8                DbgConsole_Vprintf
 .text.DbgConsole_Putchar
                0x60002904       0x30 ./utilities/fsl_debug_console.o
                0x60002904                DbgConsole_Putchar
 .text.DbgConsole_PrintfFormattedData
                0x60002934      0x428 ./utilities/fsl_debug_console.o
 .text.__sys_write
                0x60002d5c       0x54 ./utilities/fsl_debug_console.o
                0x60002d5c                __sys_write
 .text.ModbusCRC16
                0x60002db0       0x54 ./source/lpuart_polling.o
                0x60002db0                ModbusCRC16
 .text.delay_ms
                0x60002e04       0x30 ./source/lpuart_polling.o
                0x60002e04                delay_ms
 .text.main     0x60002e34      0x4a8 ./source/lpuart_polling.o
                0x60002e34                main
 .text.CLOCK_GetOscFreq
                0x600032dc       0x30 ./drivers/fsl_clock.o
 .text.CLOCK_InitExternalClk
                0x6000330c       0x6c ./drivers/fsl_clock.o
                0x6000330c                CLOCK_InitExternalClk
 .text.CLOCK_SwitchOsc
                0x60003378       0x34 ./drivers/fsl_clock.o
                0x60003378                CLOCK_SwitchOsc
 .text.CLOCK_InitRcOsc24M
                0x600033ac       0x24 ./drivers/fsl_clock.o
                0x600033ac                CLOCK_InitRcOsc24M
 .text.CLOCK_InitArmPll
                0x600033d0       0x68 ./drivers/fsl_clock.o
                0x600033d0                CLOCK_InitArmPll
 .text.CLOCK_InitSysPll
                0x60003438       0x9c ./drivers/fsl_clock.o
                0x60003438                CLOCK_InitSysPll
 .text.CLOCK_DeinitUsb2Pll
                0x600034d4       0x18 ./drivers/fsl_clock.o
                0x600034d4                CLOCK_DeinitUsb2Pll
 .text.CLOCK_DeinitAudioPll
                0x600034ec       0x1c ./drivers/fsl_clock.o
                0x600034ec                CLOCK_DeinitAudioPll
 .text.CLOCK_DeinitEnetPll
                0x60003508       0x1c ./drivers/fsl_clock.o
                0x60003508                CLOCK_DeinitEnetPll
 .text.CLOCK_GetPllFreq
                0x60003524      0x3a8 ./drivers/fsl_clock.o
                0x60003524                CLOCK_GetPllFreq
 .text.CLOCK_InitSysPfd
                0x600038cc       0x64 ./drivers/fsl_clock.o
                0x600038cc                CLOCK_InitSysPfd
 .text.SDK_DelayAtLeastUs
                0x60003930       0x94 ./drivers/fsl_common_arm.o
                0x60003930                SDK_DelayAtLeastUs
 .text.CLOCK_ControlGate
                0x600039c4       0x60 ./drivers/fsl_gpio.o
 .text.GPIO_GetInstance
                0x60003a24       0x4c ./drivers/fsl_gpio.o
 .text.GPIO_PinInit
                0x60003a70       0xa4 ./drivers/fsl_gpio.o
                0x60003a70                GPIO_PinInit
 .text.GPIO_PinWrite
                0x60003b14       0x48 ./drivers/fsl_gpio.o
                0x60003b14                GPIO_PinWrite
 .text.GPIO_PinSetInterruptConfig
                0x60003b5c       0xfc ./drivers/fsl_gpio.o
                0x60003b5c                GPIO_PinSetInterruptConfig
 .text.CLOCK_ControlGate
                0x60003c58       0x60 ./drivers/fsl_lpuart.o
 .text.LPUART_GetInstance
                0x60003cb8       0x4c ./drivers/fsl_lpuart.o
                0x60003cb8                LPUART_GetInstance
 .text.LPUART_Init
                0x60003d04      0x310 ./drivers/fsl_lpuart.o
                0x60003d04                LPUART_Init
 .text.LPUART_GetDefaultConfig
                0x60004014       0x88 ./drivers/fsl_lpuart.o
                0x60004014                LPUART_GetDefaultConfig
 .text.LPUART_GetStatusFlags
                0x6000409c       0x38 ./drivers/fsl_lpuart.o
                0x6000409c                LPUART_GetStatusFlags
 .text.LPUART_ClearStatusFlags
                0x600040d4       0x7c ./drivers/fsl_lpuart.o
                0x600040d4                LPUART_ClearStatusFlags
 .text.LPUART_WriteBlocking
                0x60004150       0x68 ./drivers/fsl_lpuart.o
                0x60004150                LPUART_WriteBlocking
 .text.LPUART_ReadBlocking
                0x600041b8      0x160 ./drivers/fsl_lpuart.o
                0x600041b8                LPUART_ReadBlocking
 .text.LPUART1_DriverIRQHandler
                0x60004318       0x28 ./drivers/fsl_lpuart.o
                0x60004318                LPUART1_DriverIRQHandler
 .text.LPUART2_DriverIRQHandler
                0x60004340       0x28 ./drivers/fsl_lpuart.o
                0x60004340                LPUART2_DriverIRQHandler
 .text.LPUART3_DriverIRQHandler
                0x60004368       0x28 ./drivers/fsl_lpuart.o
                0x60004368                LPUART3_DriverIRQHandler
 .text.LPUART4_DriverIRQHandler
                0x60004390       0x28 ./drivers/fsl_lpuart.o
                0x60004390                LPUART4_DriverIRQHandler
 .text.LPUART5_DriverIRQHandler
                0x600043b8       0x28 ./drivers/fsl_lpuart.o
                0x600043b8                LPUART5_DriverIRQHandler
 .text.LPUART6_DriverIRQHandler
                0x600043e0       0x28 ./drivers/fsl_lpuart.o
                0x600043e0                LPUART6_DriverIRQHandler
 .text.LPUART7_DriverIRQHandler
                0x60004408       0x28 ./drivers/fsl_lpuart.o
                0x60004408                LPUART7_DriverIRQHandler
 .text.LPUART8_DriverIRQHandler
                0x60004430       0x28 ./drivers/fsl_lpuart.o
                0x60004430                LPUART8_DriverIRQHandler
 .text.SystemInit
                0x60004458      0x144 ./device/system_MIMXRT1052.o
                0x60004458                SystemInit
 .text.HAL_UartInitCommon
                0x6000459c       0xac ./component/uart/fsl_adapter_lpuart.o
 .text.HAL_UartInit
                0x60004648       0x84 ./component/uart/fsl_adapter_lpuart.o
                0x60004648                HAL_UartInit
 .text.HAL_UartReceiveBlocking
                0x600046cc       0x6c ./component/uart/fsl_adapter_lpuart.o
                0x600046cc                HAL_UartReceiveBlocking
 .text.HAL_UartSendBlocking
                0x60004738       0x64 ./component/uart/fsl_adapter_lpuart.o
                0x60004738                HAL_UartSendBlocking
 .text.ARM_MPU_Enable
                0x6000479c       0x40 ./board/board.o
 .text.ARM_MPU_Disable
                0x600047dc       0x34 ./board/board.o
 .text.CLOCK_GetMux
                0x60004810       0x44 ./board/board.o
 .text.CLOCK_GetDiv
                0x60004854       0x44 ./board/board.o
 .text.CLOCK_GetOscFreq
                0x60004898       0x30 ./board/board.o
 .text.BOARD_DebugConsoleSrcFreq
                0x600048c8       0x64 ./board/board.o
                0x600048c8                BOARD_DebugConsoleSrcFreq
 .text.BOARD_ConfigMPU
                0x6000492c      0x324 ./board/board.o
                0x6000492c                BOARD_ConfigMPU
 .text.CLOCK_SetMux
                0x60004c50       0x9c ./board/clock_config.o
 .text.CLOCK_SetDiv
                0x60004cec       0x9c ./board/clock_config.o
 .text.CLOCK_ControlGate
                0x60004d88       0x60 ./board/clock_config.o
 .text.CLOCK_SetXtalFreq
                0x60004de8       0x20 ./board/clock_config.o
 .text.CLOCK_SetRtcXtalFreq
                0x60004e08       0x20 ./board/clock_config.o
 .text.IOMUXC_MQSConfig
                0x60004e28       0x44 ./board/clock_config.o
 .text.BOARD_BootClockRUN
                0x60004e6c      0x674 ./board/clock_config.o
                0x60004e6c                BOARD_BootClockRUN
 .text.CLOCK_ControlGate
                0x600054e0       0x60 ./board/pin_mux.o
 .text.BOARD_InitPins
                0x60005540       0xf4 ./board/pin_mux.o
                0x60005540                BOARD_InitPins
 .text._initio  0x60005634       0x78 c:/nxp/mcuxpressoide_11.5.0_7232/ide/plugins/com.nxp.mcuxpresso.tools.win32_11.5.0.202107051138/tools/bin/../lib/gcc/arm-none-eabi/10.3.1/../../../../arm-none-eabi/lib/thumb/v7e-m+dp/hard\libcr_c.a(initio.o)
                0x60005634                _initio
 .text.fflush   0x600056ac       0x3c c:/nxp/mcuxpressoide_11.5.0_7232/ide/plugins/com.nxp.mcuxpresso.tools.win32_11.5.0.202107051138/tools/bin/../lib/gcc/arm-none-eabi/10.3.1/../../../../arm-none-eabi/lib/thumb/v7e-m+dp/hard\libcr_c.a(fflush.o)
                0x600056ac                fflush
 .text.fseek    0x600056e8       0xfc c:/nxp/mcuxpressoide_11.5.0_7232/ide/plugins/com.nxp.mcuxpresso.tools.win32_11.5.0.202107051138/tools/bin/../lib/gcc/arm-none-eabi/10.3.1/../../../../arm-none-eabi/lib/thumb/v7e-m+dp/hard\libcr_c.a(fseek.o)
                0x600056e8                fseek
 .text.ftell    0x600057e4       0x44 c:/nxp/mcuxpressoide_11.5.0_7232/ide/plugins/com.nxp.mcuxpresso.tools.win32_11.5.0.202107051138/tools/bin/../lib/gcc/arm-none-eabi/10.3.1/../../../../arm-none-eabi/lib/thumb/v7e-m+dp/hard\libcr_c.a(ftell.o)
                0x600057e4                ftell
 .text._Cwritebuf
                0x60005828       0x6c c:/nxp/mcuxpressoide_11.5.0_7232/ide/plugins/com.nxp.mcuxpresso.tools.win32_11.5.0.202107051138/tools/bin/../lib/gcc/arm-none-eabi/10.3.1/../../../../arm-none-eabi/lib/thumb/v7e-m+dp/hard\libcr_c.a(_writebuf.o)
                0x60005828                _Cwritebuf
 .text.DbgConsole_Printf
                0x60005894       0x2c ./utilities/fsl_debug_console.o
                0x60005894                DbgConsole_Printf
 .text.DbgConsole_PrintfPaddingCharacter
                0x600058c0       0x40 ./utilities/fsl_debug_console.o
 .text.DbgConsole_ConvertRadixNumToString
                0x60005900       0xc2 ./utilities/fsl_debug_console.o
 .text.DbgConsole_ConvertFloatRadixNumToString
                0x600059c2      0x24c ./utilities/fsl_debug_console.o
 .text.DMA0_DMA16_IRQHandler
                0x60005c0e        0x8 ./startup/startup_mimxrt1052.o
                0x60005c0e                DMA0_DMA16_IRQHandler
 .text.DMA1_DMA17_IRQHandler
                0x60005c16        0x8 ./startup/startup_mimxrt1052.o
                0x60005c16                DMA1_DMA17_IRQHandler
 .text.DMA2_DMA18_IRQHandler
                0x60005c1e        0x8 ./startup/startup_mimxrt1052.o
                0x60005c1e                DMA2_DMA18_IRQHandler
 .text.DMA3_DMA19_IRQHandler
                0x60005c26        0x8 ./startup/startup_mimxrt1052.o
                0x60005c26                DMA3_DMA19_IRQHandler
 .text.DMA4_DMA20_IRQHandler
                0x60005c2e        0x8 ./startup/startup_mimxrt1052.o
                0x60005c2e                DMA4_DMA20_IRQHandler
 .text.DMA5_DMA21_IRQHandler
                0x60005c36        0x8 ./startup/startup_mimxrt1052.o
                0x60005c36                DMA5_DMA21_IRQHandler
 .text.DMA6_DMA22_IRQHandler
                0x60005c3e        0x8 ./startup/startup_mimxrt1052.o
                0x60005c3e                DMA6_DMA22_IRQHandler
 .text.DMA7_DMA23_IRQHandler
                0x60005c46        0x8 ./startup/startup_mimxrt1052.o
                0x60005c46                DMA7_DMA23_IRQHandler
 .text.DMA8_DMA24_IRQHandler
                0x60005c4e        0x8 ./startup/startup_mimxrt1052.o
                0x60005c4e                DMA8_DMA24_IRQHandler
 .text.DMA9_DMA25_IRQHandler
                0x60005c56        0x8 ./startup/startup_mimxrt1052.o
                0x60005c56                DMA9_DMA25_IRQHandler
 .text.DMA10_DMA26_IRQHandler
                0x60005c5e        0x8 ./startup/startup_mimxrt1052.o
                0x60005c5e                DMA10_DMA26_IRQHandler
 .text.DMA11_DMA27_IRQHandler
                0x60005c66        0x8 ./startup/startup_mimxrt1052.o
                0x60005c66                DMA11_DMA27_IRQHandler
 .text.DMA12_DMA28_IRQHandler
                0x60005c6e        0x8 ./startup/startup_mimxrt1052.o
                0x60005c6e                DMA12_DMA28_IRQHandler
 .text.DMA13_DMA29_IRQHandler
                0x60005c76        0x8 ./startup/startup_mimxrt1052.o
                0x60005c76                DMA13_DMA29_IRQHandler
 .text.DMA14_DMA30_IRQHandler
                0x60005c7e        0x8 ./startup/startup_mimxrt1052.o
                0x60005c7e                DMA14_DMA30_IRQHandler
 .text.DMA15_DMA31_IRQHandler
                0x60005c86        0x8 ./startup/startup_mimxrt1052.o
                0x60005c86                DMA15_DMA31_IRQHandler
 .text.DMA_ERROR_IRQHandler
                0x60005c8e        0x8 ./startup/startup_mimxrt1052.o
                0x60005c8e                DMA_ERROR_IRQHandler
 .text.CTI0_ERROR_IRQHandler
                0x60005c96        0x8 ./startup/startup_mimxrt1052.o
                0x60005c96                CTI0_ERROR_IRQHandler
 .text.CTI1_ERROR_IRQHandler
                0x60005c9e        0x8 ./startup/startup_mimxrt1052.o
                0x60005c9e                CTI1_ERROR_IRQHandler
 .text.CORE_IRQHandler
                0x60005ca6        0x8 ./startup/startup_mimxrt1052.o
                0x60005ca6                CORE_IRQHandler
 .text.LPUART1_IRQHandler
                0x60005cae        0x8 ./startup/startup_mimxrt1052.o
                0x60005cae                LPUART1_IRQHandler
 .text.LPUART2_IRQHandler
                0x60005cb6        0x8 ./startup/startup_mimxrt1052.o
                0x60005cb6                LPUART2_IRQHandler
 .text.LPUART3_IRQHandler
                0x60005cbe        0x8 ./startup/startup_mimxrt1052.o
                0x60005cbe                LPUART3_IRQHandler
 .text.LPUART4_IRQHandler
                0x60005cc6        0x8 ./startup/startup_mimxrt1052.o
                0x60005cc6                LPUART4_IRQHandler
 .text.LPUART5_IRQHandler
                0x60005cce        0x8 ./startup/startup_mimxrt1052.o
                0x60005cce                LPUART5_IRQHandler
 .text.LPUART6_IRQHandler
                0x60005cd6        0x8 ./startup/startup_mimxrt1052.o
                0x60005cd6                LPUART6_IRQHandler
 .text.LPUART7_IRQHandler
                0x60005cde        0x8 ./startup/startup_mimxrt1052.o
                0x60005cde                LPUART7_IRQHandler
 .text.LPUART8_IRQHandler
                0x60005ce6        0x8 ./startup/startup_mimxrt1052.o
                0x60005ce6                LPUART8_IRQHandler
 .text.LPI2C1_IRQHandler
                0x60005cee        0x8 ./startup/startup_mimxrt1052.o
                0x60005cee                LPI2C1_IRQHandler
 .text.LPI2C2_IRQHandler
                0x60005cf6        0x8 ./startup/startup_mimxrt1052.o
                0x60005cf6                LPI2C2_IRQHandler
 .text.LPI2C3_IRQHandler
                0x60005cfe        0x8 ./startup/startup_mimxrt1052.o
                0x60005cfe                LPI2C3_IRQHandler
 .text.LPI2C4_IRQHandler
                0x60005d06        0x8 ./startup/startup_mimxrt1052.o
                0x60005d06                LPI2C4_IRQHandler
 .text.LPSPI1_IRQHandler
                0x60005d0e        0x8 ./startup/startup_mimxrt1052.o
                0x60005d0e                LPSPI1_IRQHandler
 .text.LPSPI2_IRQHandler
                0x60005d16        0x8 ./startup/startup_mimxrt1052.o
                0x60005d16                LPSPI2_IRQHandler
 .text.LPSPI3_IRQHandler
                0x60005d1e        0x8 ./startup/startup_mimxrt1052.o
                0x60005d1e                LPSPI3_IRQHandler
 .text.LPSPI4_IRQHandler
                0x60005d26        0x8 ./startup/startup_mimxrt1052.o
                0x60005d26                LPSPI4_IRQHandler
 .text.CAN1_IRQHandler
                0x60005d2e        0x8 ./startup/startup_mimxrt1052.o
                0x60005d2e                CAN1_IRQHandler
 .text.CAN2_IRQHandler
                0x60005d36        0x8 ./startup/startup_mimxrt1052.o
                0x60005d36                CAN2_IRQHandler
 .text.FLEXRAM_IRQHandler
                0x60005d3e        0x8 ./startup/startup_mimxrt1052.o
                0x60005d3e                FLEXRAM_IRQHandler
 .text.KPP_IRQHandler
                0x60005d46        0x8 ./startup/startup_mimxrt1052.o
                0x60005d46                KPP_IRQHandler
 .text.TSC_DIG_IRQHandler
                0x60005d4e        0x8 ./startup/startup_mimxrt1052.o
                0x60005d4e                TSC_DIG_IRQHandler
 .text.GPR_IRQ_IRQHandler
                0x60005d56        0x8 ./startup/startup_mimxrt1052.o
                0x60005d56                GPR_IRQ_IRQHandler
 .text.LCDIF_IRQHandler
                0x60005d5e        0x8 ./startup/startup_mimxrt1052.o
                0x60005d5e                LCDIF_IRQHandler
 .text.CSI_IRQHandler
                0x60005d66        0x8 ./startup/startup_mimxrt1052.o
                0x60005d66                CSI_IRQHandler
 .text.PXP_IRQHandler
                0x60005d6e        0x8 ./startup/startup_mimxrt1052.o
                0x60005d6e                PXP_IRQHandler
 .text.WDOG2_IRQHandler
                0x60005d76        0x8 ./startup/startup_mimxrt1052.o
                0x60005d76                WDOG2_IRQHandler
 .text.SNVS_HP_WRAPPER_IRQHandler
                0x60005d7e        0x8 ./startup/startup_mimxrt1052.o
                0x60005d7e                SNVS_HP_WRAPPER_IRQHandler
 .text.SNVS_HP_WRAPPER_TZ_IRQHandler
                0x60005d86        0x8 ./startup/startup_mimxrt1052.o
                0x60005d86                SNVS_HP_WRAPPER_TZ_IRQHandler
 .text.SNVS_LP_WRAPPER_IRQHandler
                0x60005d8e        0x8 ./startup/startup_mimxrt1052.o
                0x60005d8e                SNVS_LP_WRAPPER_IRQHandler
 .text.CSU_IRQHandler
                0x60005d96        0x8 ./startup/startup_mimxrt1052.o
                0x60005d96                CSU_IRQHandler
 .text.DCP_IRQHandler
                0x60005d9e        0x8 ./startup/startup_mimxrt1052.o
                0x60005d9e                DCP_IRQHandler
 .text.DCP_VMI_IRQHandler
                0x60005da6        0x8 ./startup/startup_mimxrt1052.o
                0x60005da6                DCP_VMI_IRQHandler
 .text.Reserved68_IRQHandler
                0x60005dae        0x8 ./startup/startup_mimxrt1052.o
                0x60005dae                Reserved68_IRQHandler
 .text.TRNG_IRQHandler
                0x60005db6        0x8 ./startup/startup_mimxrt1052.o
                0x60005db6                TRNG_IRQHandler
 .text.SJC_IRQHandler
                0x60005dbe        0x8 ./startup/startup_mimxrt1052.o
                0x60005dbe                SJC_IRQHandler
 .text.BEE_IRQHandler
                0x60005dc6        0x8 ./startup/startup_mimxrt1052.o
                0x60005dc6                BEE_IRQHandler
 .text.SAI1_IRQHandler
                0x60005dce        0x8 ./startup/startup_mimxrt1052.o
                0x60005dce                SAI1_IRQHandler
 .text.SAI2_IRQHandler
                0x60005dd6        0x8 ./startup/startup_mimxrt1052.o
                0x60005dd6                SAI2_IRQHandler
 .text.SAI3_RX_IRQHandler
                0x60005dde        0x8 ./startup/startup_mimxrt1052.o
                0x60005dde                SAI3_RX_IRQHandler
 .text.SAI3_TX_IRQHandler
                0x60005de6        0x8 ./startup/startup_mimxrt1052.o
                0x60005de6                SAI3_TX_IRQHandler
 .text.SPDIF_IRQHandler
                0x60005dee        0x8 ./startup/startup_mimxrt1052.o
                0x60005dee                SPDIF_IRQHandler
 .text.PMU_EVENT_IRQHandler
                0x60005df6        0x8 ./startup/startup_mimxrt1052.o
                0x60005df6                PMU_EVENT_IRQHandler
 .text.Reserved78_IRQHandler
                0x60005dfe        0x8 ./startup/startup_mimxrt1052.o
                0x60005dfe                Reserved78_IRQHandler
 .text.TEMP_LOW_HIGH_IRQHandler
                0x60005e06        0x8 ./startup/startup_mimxrt1052.o
                0x60005e06                TEMP_LOW_HIGH_IRQHandler
 .text.TEMP_PANIC_IRQHandler
                0x60005e0e        0x8 ./startup/startup_mimxrt1052.o
                0x60005e0e                TEMP_PANIC_IRQHandler
 .text.USB_PHY1_IRQHandler
                0x60005e16        0x8 ./startup/startup_mimxrt1052.o
                0x60005e16                USB_PHY1_IRQHandler
 .text.USB_PHY2_IRQHandler
                0x60005e1e        0x8 ./startup/startup_mimxrt1052.o
                0x60005e1e                USB_PHY2_IRQHandler
 .text.ADC1_IRQHandler
                0x60005e26        0x8 ./startup/startup_mimxrt1052.o
                0x60005e26                ADC1_IRQHandler
 .text.ADC2_IRQHandler
                0x60005e2e        0x8 ./startup/startup_mimxrt1052.o
                0x60005e2e                ADC2_IRQHandler
 .text.DCDC_IRQHandler
                0x60005e36        0x8 ./startup/startup_mimxrt1052.o
                0x60005e36                DCDC_IRQHandler
 .text.Reserved86_IRQHandler
                0x60005e3e        0x8 ./startup/startup_mimxrt1052.o
                0x60005e3e                Reserved86_IRQHandler
 .text.Reserved87_IRQHandler
                0x60005e46        0x8 ./startup/startup_mimxrt1052.o
                0x60005e46                Reserved87_IRQHandler
 .text.GPIO1_INT0_IRQHandler
                0x60005e4e        0x8 ./startup/startup_mimxrt1052.o
                0x60005e4e                GPIO1_INT0_IRQHandler
 .text.GPIO1_INT1_IRQHandler
                0x60005e56        0x8 ./startup/startup_mimxrt1052.o
                0x60005e56                GPIO1_INT1_IRQHandler
 .text.GPIO1_INT2_IRQHandler
                0x60005e5e        0x8 ./startup/startup_mimxrt1052.o
                0x60005e5e                GPIO1_INT2_IRQHandler
 .text.GPIO1_INT3_IRQHandler
                0x60005e66        0x8 ./startup/startup_mimxrt1052.o
                0x60005e66                GPIO1_INT3_IRQHandler
 .text.GPIO1_INT4_IRQHandler
                0x60005e6e        0x8 ./startup/startup_mimxrt1052.o
                0x60005e6e                GPIO1_INT4_IRQHandler
 .text.GPIO1_INT5_IRQHandler
                0x60005e76        0x8 ./startup/startup_mimxrt1052.o
                0x60005e76                GPIO1_INT5_IRQHandler
 .text.GPIO1_INT6_IRQHandler
                0x60005e7e        0x8 ./startup/startup_mimxrt1052.o
                0x60005e7e                GPIO1_INT6_IRQHandler
 .text.GPIO1_INT7_IRQHandler
                0x60005e86        0x8 ./startup/startup_mimxrt1052.o
                0x60005e86                GPIO1_INT7_IRQHandler
 .text.GPIO1_Combined_0_15_IRQHandler
                0x60005e8e        0x8 ./startup/startup_mimxrt1052.o
                0x60005e8e                GPIO1_Combined_0_15_IRQHandler
 .text.GPIO1_Combined_16_31_IRQHandler
                0x60005e96        0x8 ./startup/startup_mimxrt1052.o
                0x60005e96                GPIO1_Combined_16_31_IRQHandler
 .text.GPIO2_Combined_0_15_IRQHandler
                0x60005e9e        0x8 ./startup/startup_mimxrt1052.o
                0x60005e9e                GPIO2_Combined_0_15_IRQHandler
 .text.GPIO2_Combined_16_31_IRQHandler
                0x60005ea6        0x8 ./startup/startup_mimxrt1052.o
                0x60005ea6                GPIO2_Combined_16_31_IRQHandler
 .text.GPIO3_Combined_0_15_IRQHandler
                0x60005eae        0x8 ./startup/startup_mimxrt1052.o
                0x60005eae                GPIO3_Combined_0_15_IRQHandler
 .text.GPIO3_Combined_16_31_IRQHandler
                0x60005eb6        0x8 ./startup/startup_mimxrt1052.o
                0x60005eb6                GPIO3_Combined_16_31_IRQHandler
 .text.GPIO4_Combined_0_15_IRQHandler
                0x60005ebe        0x8 ./startup/startup_mimxrt1052.o
                0x60005ebe                GPIO4_Combined_0_15_IRQHandler
 .text.GPIO4_Combined_16_31_IRQHandler
                0x60005ec6        0x8 ./startup/startup_mimxrt1052.o
                0x60005ec6                GPIO4_Combined_16_31_IRQHandler
 .text.GPIO5_Combined_0_15_IRQHandler
                0x60005ece        0x8 ./startup/startup_mimxrt1052.o
                0x60005ece                GPIO5_Combined_0_15_IRQHandler
 .text.GPIO5_Combined_16_31_IRQHandler
                0x60005ed6        0x8 ./startup/startup_mimxrt1052.o
                0x60005ed6                GPIO5_Combined_16_31_IRQHandler
 .text.FLEXIO1_IRQHandler
                0x60005ede        0x8 ./startup/startup_mimxrt1052.o
                0x60005ede                FLEXIO1_IRQHandler
 .text.FLEXIO2_IRQHandler
                0x60005ee6        0x8 ./startup/startup_mimxrt1052.o
                0x60005ee6                FLEXIO2_IRQHandler
 .text.WDOG1_IRQHandler
                0x60005eee        0x8 ./startup/startup_mimxrt1052.o
                0x60005eee                WDOG1_IRQHandler
 .text.RTWDOG_IRQHandler
                0x60005ef6        0x8 ./startup/startup_mimxrt1052.o
                0x60005ef6                RTWDOG_IRQHandler
 .text.EWM_IRQHandler
                0x60005efe        0x8 ./startup/startup_mimxrt1052.o
                0x60005efe                EWM_IRQHandler
 .text.CCM_1_IRQHandler
                0x60005f06        0x8 ./startup/startup_mimxrt1052.o
                0x60005f06                CCM_1_IRQHandler
 .text.CCM_2_IRQHandler
                0x60005f0e        0x8 ./startup/startup_mimxrt1052.o
                0x60005f0e                CCM_2_IRQHandler
 .text.GPC_IRQHandler
                0x60005f16        0x8 ./startup/startup_mimxrt1052.o
                0x60005f16                GPC_IRQHandler
 .text.SRC_IRQHandler
                0x60005f1e        0x8 ./startup/startup_mimxrt1052.o
                0x60005f1e                SRC_IRQHandler
 .text.Reserved115_IRQHandler
                0x60005f26        0x8 ./startup/startup_mimxrt1052.o
                0x60005f26                Reserved115_IRQHandler
 .text.GPT1_IRQHandler
                0x60005f2e        0x8 ./startup/startup_mimxrt1052.o
                0x60005f2e                GPT1_IRQHandler
 .text.GPT2_IRQHandler
                0x60005f36        0x8 ./startup/startup_mimxrt1052.o
                0x60005f36                GPT2_IRQHandler
 .text.PWM1_0_IRQHandler
                0x60005f3e        0x8 ./startup/startup_mimxrt1052.o
                0x60005f3e                PWM1_0_IRQHandler
 .text.PWM1_1_IRQHandler
                0x60005f46        0x8 ./startup/startup_mimxrt1052.o
                0x60005f46                PWM1_1_IRQHandler
 .text.PWM1_2_IRQHandler
                0x60005f4e        0x8 ./startup/startup_mimxrt1052.o
                0x60005f4e                PWM1_2_IRQHandler
 .text.PWM1_3_IRQHandler
                0x60005f56        0x8 ./startup/startup_mimxrt1052.o
                0x60005f56                PWM1_3_IRQHandler
 .text.PWM1_FAULT_IRQHandler
                0x60005f5e        0x8 ./startup/startup_mimxrt1052.o
                0x60005f5e                PWM1_FAULT_IRQHandler
 .text.Reserved123_IRQHandler
                0x60005f66        0x8 ./startup/startup_mimxrt1052.o
                0x60005f66                Reserved123_IRQHandler
 .text.FLEXSPI_IRQHandler
                0x60005f6e        0x8 ./startup/startup_mimxrt1052.o
                0x60005f6e                FLEXSPI_IRQHandler
 .text.SEMC_IRQHandler
                0x60005f76        0x8 ./startup/startup_mimxrt1052.o
                0x60005f76                SEMC_IRQHandler
 .text.USDHC1_IRQHandler
                0x60005f7e        0x8 ./startup/startup_mimxrt1052.o
                0x60005f7e                USDHC1_IRQHandler
 .text.USDHC2_IRQHandler
                0x60005f86        0x8 ./startup/startup_mimxrt1052.o
                0x60005f86                USDHC2_IRQHandler
 .text.USB_OTG2_IRQHandler
                0x60005f8e        0x8 ./startup/startup_mimxrt1052.o
                0x60005f8e                USB_OTG2_IRQHandler
 .text.USB_OTG1_IRQHandler
                0x60005f96        0x8 ./startup/startup_mimxrt1052.o
                0x60005f96                USB_OTG1_IRQHandler
 .text.ENET_IRQHandler
                0x60005f9e        0x8 ./startup/startup_mimxrt1052.o
                0x60005f9e                ENET_IRQHandler
 .text.ENET_1588_Timer_IRQHandler
                0x60005fa6        0x8 ./startup/startup_mimxrt1052.o
                0x60005fa6                ENET_1588_Timer_IRQHandler
 .text.XBAR1_IRQ_0_1_IRQHandler
                0x60005fae        0x8 ./startup/startup_mimxrt1052.o
                0x60005fae                XBAR1_IRQ_0_1_IRQHandler
 .text.XBAR1_IRQ_2_3_IRQHandler
                0x60005fb6        0x8 ./startup/startup_mimxrt1052.o
                0x60005fb6                XBAR1_IRQ_2_3_IRQHandler
 .text.ADC_ETC_IRQ0_IRQHandler
                0x60005fbe        0x8 ./startup/startup_mimxrt1052.o
                0x60005fbe                ADC_ETC_IRQ0_IRQHandler
 .text.ADC_ETC_IRQ1_IRQHandler
                0x60005fc6        0x8 ./startup/startup_mimxrt1052.o
                0x60005fc6                ADC_ETC_IRQ1_IRQHandler
 .text.ADC_ETC_IRQ2_IRQHandler
                0x60005fce        0x8 ./startup/startup_mimxrt1052.o
                0x60005fce                ADC_ETC_IRQ2_IRQHandler
 .text.ADC_ETC_ERROR_IRQ_IRQHandler
                0x60005fd6        0x8 ./startup/startup_mimxrt1052.o
                0x60005fd6                ADC_ETC_ERROR_IRQ_IRQHandler
 .text.PIT_IRQHandler
                0x60005fde        0x8 ./startup/startup_mimxrt1052.o
                0x60005fde                PIT_IRQHandler
 .text.ACMP1_IRQHandler
                0x60005fe6        0x8 ./startup/startup_mimxrt1052.o
                0x60005fe6                ACMP1_IRQHandler
 .text.ACMP2_IRQHandler
                0x60005fee        0x8 ./startup/startup_mimxrt1052.o
                0x60005fee                ACMP2_IRQHandler
 .text.ACMP3_IRQHandler
                0x60005ff6        0x8 ./startup/startup_mimxrt1052.o
                0x60005ff6                ACMP3_IRQHandler
 .text.ACMP4_IRQHandler
                0x60005ffe        0x8 ./startup/startup_mimxrt1052.o
                0x60005ffe                ACMP4_IRQHandler
 .text.Reserved143_IRQHandler
                0x60006006        0x8 ./startup/startup_mimxrt1052.o
                0x60006006                Reserved143_IRQHandler
 .text.Reserved144_IRQHandler
                0x6000600e        0x8 ./startup/startup_mimxrt1052.o
                0x6000600e                Reserved144_IRQHandler
 .text.ENC1_IRQHandler
                0x60006016        0x8 ./startup/startup_mimxrt1052.o
                0x60006016                ENC1_IRQHandler
 .text.ENC2_IRQHandler
                0x6000601e        0x8 ./startup/startup_mimxrt1052.o
                0x6000601e                ENC2_IRQHandler
 .text.ENC3_IRQHandler
                0x60006026        0x8 ./startup/startup_mimxrt1052.o
                0x60006026                ENC3_IRQHandler
 .text.ENC4_IRQHandler
                0x6000602e        0x8 ./startup/startup_mimxrt1052.o
                0x6000602e                ENC4_IRQHandler
 .text.TMR1_IRQHandler
                0x60006036        0x8 ./startup/startup_mimxrt1052.o
                0x60006036                TMR1_IRQHandler
 .text.TMR2_IRQHandler
                0x6000603e        0x8 ./startup/startup_mimxrt1052.o
                0x6000603e                TMR2_IRQHandler
 .text.TMR3_IRQHandler
                0x60006046        0x8 ./startup/startup_mimxrt1052.o
                0x60006046                TMR3_IRQHandler
 .text.TMR4_IRQHandler
                0x6000604e        0x8 ./startup/startup_mimxrt1052.o
                0x6000604e                TMR4_IRQHandler
 .text.PWM2_0_IRQHandler
                0x60006056        0x8 ./startup/startup_mimxrt1052.o
                0x60006056                PWM2_0_IRQHandler
 .text.PWM2_1_IRQHandler
                0x6000605e        0x8 ./startup/startup_mimxrt1052.o
                0x6000605e                PWM2_1_IRQHandler
 .text.PWM2_2_IRQHandler
                0x60006066        0x8 ./startup/startup_mimxrt1052.o
                0x60006066                PWM2_2_IRQHandler
 .text.PWM2_3_IRQHandler
                0x6000606e        0x8 ./startup/startup_mimxrt1052.o
                0x6000606e                PWM2_3_IRQHandler
 .text.PWM2_FAULT_IRQHandler
                0x60006076        0x8 ./startup/startup_mimxrt1052.o
                0x60006076                PWM2_FAULT_IRQHandler
 .text.PWM3_0_IRQHandler
                0x6000607e        0x8 ./startup/startup_mimxrt1052.o
                0x6000607e                PWM3_0_IRQHandler
 .text.PWM3_1_IRQHandler
                0x60006086        0x8 ./startup/startup_mimxrt1052.o
                0x60006086                PWM3_1_IRQHandler
 .text.PWM3_2_IRQHandler
                0x6000608e        0x8 ./startup/startup_mimxrt1052.o
                0x6000608e                PWM3_2_IRQHandler
 .text.PWM3_3_IRQHandler
                0x60006096        0x8 ./startup/startup_mimxrt1052.o
                0x60006096                PWM3_3_IRQHandler
 .text.PWM3_FAULT_IRQHandler
                0x6000609e        0x8 ./startup/startup_mimxrt1052.o
                0x6000609e                PWM3_FAULT_IRQHandler
 .text.PWM4_0_IRQHandler
                0x600060a6        0x8 ./startup/startup_mimxrt1052.o
                0x600060a6                PWM4_0_IRQHandler
 .text.PWM4_1_IRQHandler
                0x600060ae        0x8 ./startup/startup_mimxrt1052.o
                0x600060ae                PWM4_1_IRQHandler
 .text.PWM4_2_IRQHandler
                0x600060b6        0x8 ./startup/startup_mimxrt1052.o
                0x600060b6                PWM4_2_IRQHandler
 .text.PWM4_3_IRQHandler
                0x600060be        0x8 ./startup/startup_mimxrt1052.o
                0x600060be                PWM4_3_IRQHandler
 .text.PWM4_FAULT_IRQHandler
                0x600060c6        0x8 ./startup/startup_mimxrt1052.o
                0x600060c6                PWM4_FAULT_IRQHandler
 .text.HardFault_Handler
                0x600060ce       0x2c ./source/semihost_hardfault.o
                0x600060ce                HardFault_Handler
 .text.CLOCK_IsPllBypassed
                0x600060fa       0x32 ./drivers/fsl_clock.o
 .text.CLOCK_IsPllEnabled
                0x6000612c       0x3c ./drivers/fsl_clock.o
 .text.CLOCK_GetPllBypassRefClk
                0x60006168       0x34 ./drivers/fsl_clock.o
 .text.DelayLoop
                0x6000619c       0x20 ./drivers/fsl_common_arm.o
 .text._SDK_AtomicLocalClearAndSet4Byte
                0x600061bc       0x50 ./drivers/fsl_gpio.o
 .text.CLOCK_EnableClock
                0x6000620c       0x1e ./drivers/fsl_gpio.o
 .text.GPIO_SetPinInterruptConfig
                0x6000622a       0x22 ./drivers/fsl_gpio.o
 .text._SDK_AtomicLocalClearAndSet4Byte
                0x6000624c       0x50 ./drivers/fsl_lpuart.o
 .text.CLOCK_EnableClock
                0x6000629c       0x1e ./drivers/fsl_lpuart.o
 .text.LPUART_SoftwareReset
                0x600062ba       0x2c ./drivers/fsl_lpuart.o
 .text.SystemInitHook
                0x600062e6        0xe ./device/system_MIMXRT1052.o
                0x600062e6                SystemInitHook
 .text.HAL_UartGetStatus
                0x600062f4       0x28 ./component/uart/fsl_adapter_lpuart.o
 .text.BOARD_InitDebugConsole
                0x6000631c       0x22 ./board/board.o
                0x6000631c                BOARD_InitDebugConsole
 .text._SDK_AtomicLocalClearAndSet4Byte
                0x6000633e       0x50 ./board/clock_config.o
 .text.CLOCK_DisableClock
                0x6000638e       0x1e ./board/clock_config.o
 .text.CLOCK_SetPllBypass
                0x600063ac       0x4e ./board/clock_config.o
 .text.IOMUXC_SetSaiMClkClockSource
                0x600063fa       0x6c ./board/clock_config.o
 .text.BOARD_InitBootClocks
                0x60006466        0xc ./board/clock_config.o
                0x60006466                BOARD_InitBootClocks
 .text._SDK_AtomicLocalClearAndSet4Byte
                0x60006472       0x50 ./board/pin_mux.o
 .text.CLOCK_EnableClock
                0x600064c2       0x1e ./board/pin_mux.o
 .text.IOMUXC_SetPinMux
                0x600064e0       0x3a ./board/pin_mux.o
 .text.IOMUXC_SetPinConfig
                0x6000651a       0x26 ./board/pin_mux.o
 .text.BOARD_InitBootPins
                0x60006540        0xc ./board/pin_mux.o
                0x60006540                BOARD_InitBootPins
 .text.__main   0x6000654c        0xe c:/nxp/mcuxpressoide_11.5.0_7232/ide/plugins/com.nxp.mcuxpresso.tools.win32_11.5.0.202107051138/tools/bin/../lib/gcc/arm-none-eabi/10.3.1/../../../../arm-none-eabi/lib/thumb/v7e-m+dp/hard\libcr_nohost_nf.a(_cr__main.o)
                0x6000654c                __main
 .text.memcpy   0x6000655a        0x4 c:/nxp/mcuxpressoide_11.5.0_7232/ide/plugins/com.nxp.mcuxpresso.tools.win32_11.5.0.202107051138/tools/bin/../lib/gcc/arm-none-eabi/10.3.1/../../../../arm-none-eabi/lib/thumb/v7e-m+dp/hard\libcr_c.a(memcpy.o)
                0x6000655a                memcpy
 .text.memset   0x6000655e        0x4 c:/nxp/mcuxpressoide_11.5.0_7232/ide/plugins/com.nxp.mcuxpresso.tools.win32_11.5.0.202107051138/tools/bin/../lib/gcc/arm-none-eabi/10.3.1/../../../../arm-none-eabi/lib/thumb/v7e-m+dp/hard\libcr_c.a(memset.o)
                0x6000655e                memset
 .text.free     0x60006562       0x30 c:/nxp/mcuxpressoide_11.5.0_7232/ide/plugins/com.nxp.mcuxpresso.tools.win32_11.5.0.202107051138/tools/bin/../lib/gcc/arm-none-eabi/10.3.1/../../../../arm-none-eabi/lib/thumb/v7e-m+dp/hard\libcr_c.a(alloc.o)
                0x60006562                free
 .text.setvbuf  0x60006592       0x3e c:/nxp/mcuxpressoide_11.5.0_7232/ide/plugins/com.nxp.mcuxpresso.tools.win32_11.5.0.202107051138/tools/bin/../lib/gcc/arm-none-eabi/10.3.1/../../../../arm-none-eabi/lib/thumb/v7e-m+dp/hard\libcr_c.a(setvbuf.o)
                0x60006592                setvbuf
 .text.strlen   0x600065d0       0x48 c:/nxp/mcuxpressoide_11.5.0_7232/ide/plugins/com.nxp.mcuxpresso.tools.win32_11.5.0.202107051138/tools/bin/../lib/gcc/arm-none-eabi/10.3.1/../../../../arm-none-eabi/lib/thumb/v7e-m+dp/hard\libcr_c.a(strlen.o)
                0x600065d0                strlen
 .text._fdopen  0x60006618       0x68 c:/nxp/mcuxpressoide_11.5.0_7232/ide/plugins/com.nxp.mcuxpresso.tools.win32_11.5.0.202107051138/tools/bin/../lib/gcc/arm-none-eabi/10.3.1/../../../../arm-none-eabi/lib/thumb/v7e-m+dp/hard\libcr_c.a(_fdopen.o)
                0x60006618                _fdopen
 .text.fclose   0x60006680       0x58 c:/nxp/mcuxpressoide_11.5.0_7232/ide/plugins/com.nxp.mcuxpresso.tools.win32_11.5.0.202107051138/tools/bin/../lib/gcc/arm-none-eabi/10.3.1/../../../../arm-none-eabi/lib/thumb/v7e-m+dp/hard\libcr_c.a(fclose.o)
                0x60006680                fclose
 .text.remove   0x600066d8       0x14 c:/nxp/mcuxpressoide_11.5.0_7232/ide/plugins/com.nxp.mcuxpresso.tools.win32_11.5.0.202107051138/tools/bin/../lib/gcc/arm-none-eabi/10.3.1/../../../../arm-none-eabi/lib/thumb/v7e-m+dp/hard\libcr_c.a(remove.o)
                0x600066d8                remove
 .text._do_fflush
                0x600066ec       0x40 c:/nxp/mcuxpressoide_11.5.0_7232/ide/plugins/com.nxp.mcuxpresso.tools.win32_11.5.0.202107051138/tools/bin/../lib/gcc/arm-none-eabi/10.3.1/../../../../arm-none-eabi/lib/thumb/v7e-m+dp/hard\libcr_c.a(_do_fflush.o)
                0x600066ec                _do_fflush
 .text._fflush  0x6000672c       0x52 c:/nxp/mcuxpressoide_11.5.0_7232/ide/plugins/com.nxp.mcuxpresso.tools.win32_11.5.0.202107051138/tools/bin/../lib/gcc/arm-none-eabi/10.3.1/../../../../arm-none-eabi/lib/thumb/v7e-m+dp/hard\libcr_c.a(_fflush.o)
                0x6000672c                _fflush
 .text._deferredlazyseek
                0x6000677e       0x40 c:/nxp/mcuxpressoide_11.5.0_7232/ide/plugins/com.nxp.mcuxpresso.tools.win32_11.5.0.202107051138/tools/bin/../lib/gcc/arm-none-eabi/10.3.1/../../../../arm-none-eabi/lib/thumb/v7e-m+dp/hard\libcr_c.a(_deferredlazyseek.o)
                0x6000677e                _deferredlazyseek
 .text.__aeabi_division_uldivmod
                0x600067be      0x174 c:/nxp/mcuxpressoide_11.5.0_7232/ide/plugins/com.nxp.mcuxpresso.tools.win32_11.5.0.202107051138/tools/bin/../lib/gcc/arm-none-eabi/10.3.1/thumb/v7e-m+dp/hard\libcr_eabihelpers.a(division_64.o)
                0x600067be                __aeabi_uldivmod
                0x600067c2                __bhs_ldivmod1
 .text.__aeabi_division_idiv0
                0x60006932        0x2 c:/nxp/mcuxpressoide_11.5.0_7232/ide/plugins/com.nxp.mcuxpresso.tools.win32_11.5.0.202107051138/tools/bin/../lib/gcc/arm-none-eabi/10.3.1/thumb/v7e-m+dp/hard\libcr_eabihelpers.a(division_idiv0.o)
                0x60006932                __aeabi_idiv0
 .text.__aeabi_d2lz
                0x60006934       0x6c c:/nxp/mcuxpressoide_11.5.0_7232/ide/plugins/com.nxp.mcuxpresso.tools.win32_11.5.0.202107051138/tools/bin/../lib/gcc/arm-none-eabi/10.3.1/thumb/v7e-m+dp/hard\libcr_eabihelpers.a(double.o)
                0x60006934                __aeabi_d2lz
 .text.__bhs_ul2d
                0x600069a0       0x8a c:/nxp/mcuxpressoide_11.5.0_7232/ide/plugins/com.nxp.mcuxpresso.tools.win32_11.5.0.202107051138/tools/bin/../lib/gcc/arm-none-eabi/10.3.1/thumb/v7e-m+dp/hard\libcr_eabihelpers.a(double.o)
                0x600069a0                __bhs_ul2d
 .text.__aeabi_l2d
                0x60006a2a       0x1c c:/nxp/mcuxpressoide_11.5.0_7232/ide/plugins/com.nxp.mcuxpresso.tools.win32_11.5.0.202107051138/tools/bin/../lib/gcc/arm-none-eabi/10.3.1/thumb/v7e-m+dp/hard\libcr_eabihelpers.a(double.o)
                0x60006a2a                __aeabi_l2d
 .text.__aeabi_memcpy
                0x60006a46       0x34 c:/nxp/mcuxpressoide_11.5.0_7232/ide/plugins/com.nxp.mcuxpresso.tools.win32_11.5.0.202107051138/tools/bin/../lib/gcc/arm-none-eabi/10.3.1/thumb/v7e-m+dp/hard\libcr_eabihelpers.a(memcpy.o)
                0x60006a46                __aeabi_memcpy
                0x60006a50                __aeabi_memcpy8
                0x60006a50                __aeabi_memcpy4
 .text.__aeabi_memset_lowlevel
                0x60006a7a       0x32 c:/nxp/mcuxpressoide_11.5.0_7232/ide/plugins/com.nxp.mcuxpresso.tools.win32_11.5.0.202107051138/tools/bin/../lib/gcc/arm-none-eabi/10.3.1/thumb/v7e-m+dp/hard\libcr_eabihelpers.a(memcpy.o)
                0x60006a7a                __aeabi_lowlevel_memset
 .text.__sys_close
                0x60006aac        0x6 c:/nxp/mcuxpressoide_11.5.0_7232/ide/plugins/com.nxp.mcuxpresso.tools.win32_11.5.0.202107051138/tools/bin/../lib/gcc/arm-none-eabi/10.3.1/../../../../arm-none-eabi/lib/thumb/v7e-m+dp/hard\libcr_nohost_nf.a(__sys_close.o)
                0x60006aac                __sys_close
 .text.__sys_flen
                0x60006ab2        0x6 c:/nxp/mcuxpressoide_11.5.0_7232/ide/plugins/com.nxp.mcuxpresso.tools.win32_11.5.0.202107051138/tools/bin/../lib/gcc/arm-none-eabi/10.3.1/../../../../arm-none-eabi/lib/thumb/v7e-m+dp/hard\libcr_nohost_nf.a(__sys_flen.o)
                0x60006ab2                __sys_flen
 .text.__sys_istty
                0x60006ab8        0x6 c:/nxp/mcuxpressoide_11.5.0_7232/ide/plugins/com.nxp.mcuxpresso.tools.win32_11.5.0.202107051138/tools/bin/../lib/gcc/arm-none-eabi/10.3.1/../../../../arm-none-eabi/lib/thumb/v7e-m+dp/hard\libcr_nohost_nf.a(__sys_istty.o)
                0x60006ab8                __sys_istty
 .text.__sys_remove
                0x60006abe        0x6 c:/nxp/mcuxpressoide_11.5.0_7232/ide/plugins/com.nxp.mcuxpresso.tools.win32_11.5.0.202107051138/tools/bin/../lib/gcc/arm-none-eabi/10.3.1/../../../../arm-none-eabi/lib/thumb/v7e-m+dp/hard\libcr_nohost_nf.a(__sys_remove.o)
                0x60006abe                __sys_remove
 .text.__sys_seek
                0x60006ac4        0x6 c:/nxp/mcuxpressoide_11.5.0_7232/ide/plugins/com.nxp.mcuxpresso.tools.win32_11.5.0.202107051138/tools/bin/../lib/gcc/arm-none-eabi/10.3.1/../../../../arm-none-eabi/lib/thumb/v7e-m+dp/hard\libcr_nohost_nf.a(__sys_seek.o)
                0x60006ac4                __sys_seek
 .text.__sys_tmpnam
                0x60006aca        0x6 c:/nxp/mcuxpressoide_11.5.0_7232/ide/plugins/com.nxp.mcuxpresso.tools.win32_11.5.0.202107051138/tools/bin/../lib/gcc/arm-none-eabi/10.3.1/../../../../arm-none-eabi/lib/thumb/v7e-m+dp/hard\libcr_nohost_nf.a(__sys_tmpnam.o)
                0x60006aca                __sys_tmpnam
 *(SORT_BY_ALIGNMENT(.rodata) SORT_BY_ALIGNMENT(.rodata.*) SORT_BY_ALIGNMENT(.constdata) SORT_BY_ALIGNMENT(.constdata.*))
 .rodata.a1.1   0x60006ad0       0x88 c:/nxp/mcuxpressoide_11.5.0_7232/ide/plugins/com.nxp.mcuxpresso.tools.win32_11.5.0.202107051138/tools/bin/../lib/gcc/arm-none-eabi/10.3.1/../../../../arm-none-eabi/lib/thumb/v7e-m+dp/hard\libcr_c.a(pow.o)
 .rodata.a2.0   0x60006b58       0x40 c:/nxp/mcuxpressoide_11.5.0_7232/ide/plugins/com.nxp.mcuxpresso.tools.win32_11.5.0.202107051138/tools/bin/../lib/gcc/arm-none-eabi/10.3.1/../../../../arm-none-eabi/lib/thumb/v7e-m+dp/hard\libcr_c.a(pow.o)
 .rodata.__assertion_failed.str1.4
                0x60006b98       0x14 ./utilities/fsl_assert.o
 .rodata.wCRCTable
                0x60006bac      0x200 ./source/lpuart_polling.o
 .rodata.main.str1.4
                0x60006dac       0x7e ./source/lpuart_polling.o
                                 0x82 (size before relaxing)
 *fill*         0x60006e2a        0x2 ff
 .rodata.CLOCK_InitExternalClk.str1.4
                0x60006e2c       0x21 ./drivers/fsl_clock.o
 *fill*         0x60006e4d        0x3 ff
 .rodata.CLOCK_GetPllFreq.str1.4
                0x60006e50       0x6d ./drivers/fsl_clock.o
 *fill*         0x60006ebd        0x3 ff
 .rodata.enetRefClkFreq.1
                0x60006ec0       0x10 ./drivers/fsl_clock.o
 .rodata.SDK_DelayAtLeastUs.str1.4
                0x60006ed0       0x2b ./drivers/fsl_common_arm.o
 *fill*         0x60006efb        0x1 ff
 .rodata.CLOCK_ControlGate.str1.4
                0x60006efc       0x20 ./drivers/fsl_gpio.o
 .rodata.s_gpioBases
                0x60006f1c       0x18 ./drivers/fsl_gpio.o
 .rodata.s_gpioClock
                0x60006f34        0xc ./drivers/fsl_gpio.o
 .rodata.GPIO_GetInstance.str1.4
                0x60006f40       0x33 ./drivers/fsl_gpio.o
 *fill*         0x60006f73        0x1 ff
 .rodata.GPIO_PinWrite.str1.4
                0x60006f74       0x1b ./drivers/fsl_gpio.o
 .rodata.CLOCK_ControlGate.str1.4
                0x60006f8f       0x20 ./drivers/fsl_lpuart.o
 *fill*         0x60006f8f        0x1 ff
 .rodata.s_lpuartBases
                0x60006f90       0x24 ./drivers/fsl_lpuart.o
 .rodata.s_lpuartClock
                0x60006fb4       0x12 ./drivers/fsl_lpuart.o
 *fill*         0x60006fc6        0x2 ff
 .rodata.LPUART_GetInstance.str1.4
                0x60006fc8       0x38 ./drivers/fsl_lpuart.o
 .rodata.LPUART_Init.str1.4
                0x60007000      0x10a ./drivers/fsl_lpuart.o
 *fill*         0x6000710a        0x2 ff
 .rodata.LPUART_GetDefaultConfig.str1.4
                0x6000710c       0x22 ./drivers/fsl_lpuart.o
 *fill*         0x6000712e        0x2 ff
 .rodata.LPUART_WriteBlocking.str1.4
                0x60007130       0x20 ./drivers/fsl_lpuart.o
 .rodata.LPUART_ReadBlocking.str1.4
                0x60007150       0x20 ./drivers/fsl_lpuart.o
 .rodata.s_LpuartAdapterBase
                0x60007170       0x24 ./component/uart/fsl_adapter_lpuart.o
 .rodata.HAL_UartInit.str1.4
                0x60007194      0x105 ./component/uart/fsl_adapter_lpuart.o
 *fill*         0x60007299        0x3 ff
 .rodata.HAL_UartReceiveBlocking.str1.4
                0x6000729c       0x7b ./component/uart/fsl_adapter_lpuart.o
 *fill*         0x60007317        0x1 ff
 .rodata.HAL_UartSendBlocking.str1.4
                0x60007318       0x7b ./component/uart/fsl_adapter_lpuart.o
 *fill*         0x60007393        0x1 ff
 .rodata.BOARD_ConfigMPU.str1.4
                0x60007394       0x69 ./board/board.o
 *fill*         0x600073fd        0x3 ff
 .rodata.CLOCK_SetMux.str1.4
                0x60007400       0xa3 ./board/clock_config.o
 *fill*         0x600074a3        0x1 ff
 .rodata.CLOCK_SetDiv.str1.4
                0x600074a4       0xa3 ./board/clock_config.o
 *fill*         0x60007547        0x1 ff
 .rodata.CLOCK_ControlGate.str1.4
                0x60007548       0x92 ./board/clock_config.o
 *fill*         0x600075da        0x2 ff
 .rodata.armPllConfig_BOARD_BootClockRUN
                0x600075dc        0x8 ./board/clock_config.o
                0x600075dc                armPllConfig_BOARD_BootClockRUN
 .rodata.sysPllConfig_BOARD_BootClockRUN
                0x600075e4       0x14 ./board/clock_config.o
                0x600075e4                sysPllConfig_BOARD_BootClockRUN
 .rodata.CLOCK_ControlGate.str1.4
                0x600075f8       0x92 ./board/pin_mux.o
 .rodata.__num_Ciob_streams
                0x600075f8        0x4 c:/nxp/mcuxpressoide_11.5.0_7232/ide/plugins/com.nxp.mcuxpresso.tools.win32_11.5.0.202107051138/tools/bin/../lib/gcc/arm-none-eabi/10.3.1/../../../../arm-none-eabi/lib/thumb/v7e-m+dp/hard\libcr_nohost_nf.a(__ciob.o)
                0x600075f8                __num_Ciob_streams
 .rodata._initio.str1.1
                0x600075fc        0x4 c:/nxp/mcuxpressoide_11.5.0_7232/ide/plugins/com.nxp.mcuxpresso.tools.win32_11.5.0.202107051138/tools/bin/../lib/gcc/arm-none-eabi/10.3.1/../../../../arm-none-eabi/lib/thumb/v7e-m+dp/hard\libcr_c.a(initio.o)
                0x6000768c                . = ALIGN (0x4)

.glue_7         0x60007600        0x0
 .glue_7        0x60007600        0x0 linker stubs

.glue_7t        0x60007600        0x0
 .glue_7t       0x60007600        0x0 linker stubs

.vfp11_veneer   0x60007600        0x0
 .vfp11_veneer  0x60007600        0x0 linker stubs

.v4_bx          0x60007600        0x0
 .v4_bx         0x60007600        0x0 linker stubs

.iplt           0x60007600        0x0
 .iplt          0x60007600        0x0 ./xip/fsl_flexspi_nor_boot.o

.rel.dyn        0x60007600        0x0
 .rel.iplt      0x60007600        0x0 ./xip/fsl_flexspi_nor_boot.o

.ARM.extab
 *(SORT_BY_ALIGNMENT(.ARM.extab*) SORT_BY_ALIGNMENT(.gnu.linkonce.armextab.*))

.ARM.exidx      0x60007600        0x0
                0x60007600                __exidx_start = .
 *(SORT_BY_ALIGNMENT(.ARM.exidx*) SORT_BY_ALIGNMENT(.gnu.linkonce.armexidx.*))
                0x60007600                __exidx_end = .
                0x60007600                _etext = .

.data_RAM2      0x00000000        0x0 load address 0x60007600
 FILL mask 0xff
                [!provide]                PROVIDE (__start_data_RAM2 = .)
                [!provide]                PROVIDE (__start_data_SRAM_ITC = .)
 *(SORT_BY_ALIGNMENT(.ramfunc.$RAM2))
 *(SORT_BY_ALIGNMENT(.ramfunc.$SRAM_ITC))
 *(SORT_BY_ALIGNMENT(.data.$RAM2))
 *(SORT_BY_ALIGNMENT(.data.$SRAM_ITC))
 *(SORT_BY_ALIGNMENT(.data.$RAM2.*))
 *(SORT_BY_ALIGNMENT(.data.$SRAM_ITC.*))
                0x00000000                . = ALIGN (0x4)
                [!provide]                PROVIDE (__end_data_RAM2 = .)
                [!provide]                PROVIDE (__end_data_SRAM_ITC = .)

.data_RAM3      0x20200000        0x0 load address 0x60007600
 FILL mask 0xff
                [!provide]                PROVIDE (__start_data_RAM3 = .)
                [!provide]                PROVIDE (__start_data_SRAM_OC = .)
 *(SORT_BY_ALIGNMENT(.ramfunc.$RAM3))
 *(SORT_BY_ALIGNMENT(.ramfunc.$SRAM_OC))
 *(SORT_BY_ALIGNMENT(.data.$RAM3))
 *(SORT_BY_ALIGNMENT(.data.$SRAM_OC))
 *(SORT_BY_ALIGNMENT(.data.$RAM3.*))
 *(SORT_BY_ALIGNMENT(.data.$SRAM_OC.*))
                0x20200000                . = ALIGN (0x4)
                [!provide]                PROVIDE (__end_data_RAM3 = .)
                [!provide]                PROVIDE (__end_data_SRAM_OC = .)

.data_RAM4      0x80000000        0x0 load address 0x60007600
 FILL mask 0xff
                [!provide]                PROVIDE (__start_data_RAM4 = .)
                [!provide]                PROVIDE (__start_data_BOARD_SDRAM = .)
 *(SORT_BY_ALIGNMENT(.ramfunc.$RAM4))
 *(SORT_BY_ALIGNMENT(.ramfunc.$BOARD_SDRAM))
 *(SORT_BY_ALIGNMENT(.data.$RAM4))
 *(SORT_BY_ALIGNMENT(.data.$BOARD_SDRAM))
 *(SORT_BY_ALIGNMENT(.data.$RAM4.*))
 *(SORT_BY_ALIGNMENT(.data.$BOARD_SDRAM.*))
                0x80000000                . = ALIGN (0x4)
                [!provide]                PROVIDE (__end_data_RAM4 = .)
                [!provide]                PROVIDE (__end_data_BOARD_SDRAM = .)

.data_RAM5      0x81e00000        0x0 load address 0x60007600
 FILL mask 0xff
                [!provide]                PROVIDE (__start_data_RAM5 = .)
                [!provide]                PROVIDE (__start_data_NCACHE_REGION = .)
 *(SORT_BY_ALIGNMENT(.ramfunc.$RAM5))
 *(SORT_BY_ALIGNMENT(.ramfunc.$NCACHE_REGION))
 *(SORT_BY_ALIGNMENT(.data.$RAM5))
 *(SORT_BY_ALIGNMENT(.data.$NCACHE_REGION))
 *(SORT_BY_ALIGNMENT(.data.$RAM5.*))
 *(SORT_BY_ALIGNMENT(.data.$NCACHE_REGION.*))
                0x81e00000                . = ALIGN (0x4)
                [!provide]                PROVIDE (__end_data_RAM5 = .)
                [!provide]                PROVIDE (__end_data_NCACHE_REGION = .)

.uninit_RESERVED
                0x20000000        0x0
                0x20000000                _start_uninit_RESERVED = .
 *(SORT_BY_ALIGNMENT(.bss.$RESERVED*))
                0x20000000                . = ALIGN (0x4)
                0x20000000                _end_uninit_RESERVED = .

.data           0x20000000        0x4 load address 0x60007600
 FILL mask 0xff
                0x20000000                _data = .
                [!provide]                PROVIDE (__start_data_RAM = .)
                [!provide]                PROVIDE (__start_data_SRAM_DTC = .)
 *(SORT_BY_ALIGNMENT(vtable))
 *(SORT_BY_ALIGNMENT(.ramfunc*))
 *(SORT_BY_ALIGNMENT(CodeQuickAccess))
 *(SORT_BY_ALIGNMENT(DataQuickAccess))
 *(SORT_BY_ALIGNMENT(RamFunction))
 *(SORT_BY_ALIGNMENT(NonCacheable.init))
 *(SORT_BY_ALIGNMENT(.data*))
 .data.SystemCoreClock
                0x20000000        0x4 ./device/system_MIMXRT1052.o
                0x20000000                SystemCoreClock
                0x20000004                . = ALIGN (0x4)
                0x20000004                _edata = .
                [!provide]                PROVIDE (__end_data_RAM = .)
                [!provide]                PROVIDE (__end_data_SRAM_DTC = .)

.igot.plt       0x20000004        0x0 load address 0x60007604
 .igot.plt      0x20000004        0x0 ./xip/fsl_flexspi_nor_boot.o

.bss_RAM2       0x00000000        0x0
                [!provide]                PROVIDE (__start_bss_RAM2 = .)
                [!provide]                PROVIDE (__start_bss_SRAM_ITC = .)
 *(SORT_BY_ALIGNMENT(.bss.$RAM2))
 *(SORT_BY_ALIGNMENT(.bss.$SRAM_ITC))
 *(SORT_BY_ALIGNMENT(.bss.$RAM2.*))
 *(SORT_BY_ALIGNMENT(.bss.$SRAM_ITC.*))
                0x00000000                . = ALIGN ((. != 0x0)?0x4:0x1)
                [!provide]                PROVIDE (__end_bss_RAM2 = .)
                [!provide]                PROVIDE (__end_bss_SRAM_ITC = .)

.bss_RAM3       0x20200000        0x0
                [!provide]                PROVIDE (__start_bss_RAM3 = .)
                [!provide]                PROVIDE (__start_bss_SRAM_OC = .)
 *(SORT_BY_ALIGNMENT(.bss.$RAM3))
 *(SORT_BY_ALIGNMENT(.bss.$SRAM_OC))
 *(SORT_BY_ALIGNMENT(.bss.$RAM3.*))
 *(SORT_BY_ALIGNMENT(.bss.$SRAM_OC.*))
                0x20200000                . = ALIGN ((. != 0x0)?0x4:0x1)
                [!provide]                PROVIDE (__end_bss_RAM3 = .)
                [!provide]                PROVIDE (__end_bss_SRAM_OC = .)

.bss_RAM4       0x80000000        0x0
                [!provide]                PROVIDE (__start_bss_RAM4 = .)
                [!provide]                PROVIDE (__start_bss_BOARD_SDRAM = .)
 *(SORT_BY_ALIGNMENT(.bss.$RAM4))
 *(SORT_BY_ALIGNMENT(.bss.$BOARD_SDRAM))
 *(SORT_BY_ALIGNMENT(.bss.$RAM4.*))
 *(SORT_BY_ALIGNMENT(.bss.$BOARD_SDRAM.*))
                0x80000000                . = ALIGN ((. != 0x0)?0x4:0x1)
                [!provide]                PROVIDE (__end_bss_RAM4 = .)
                [!provide]                PROVIDE (__end_bss_BOARD_SDRAM = .)

.bss_RAM5       0x81e00000        0x0
                [!provide]                PROVIDE (__start_bss_RAM5 = .)
                [!provide]                PROVIDE (__start_bss_NCACHE_REGION = .)
 *(SORT_BY_ALIGNMENT(.bss.$RAM5))
 *(SORT_BY_ALIGNMENT(.bss.$NCACHE_REGION))
 *(SORT_BY_ALIGNMENT(.bss.$RAM5.*))
 *(SORT_BY_ALIGNMENT(.bss.$NCACHE_REGION.*))
                0x81e00000                . = ALIGN ((. != 0x0)?0x4:0x1)
                [!provide]                PROVIDE (__end_bss_RAM5 = .)
                [!provide]                PROVIDE (__end_bss_NCACHE_REGION = .)

.bss            0x20000004       0xfc
                0x20000004                _bss = .
                [!provide]                PROVIDE (__start_bss_RAM = .)
                [!provide]                PROVIDE (__start_bss_SRAM_DTC = .)
 *(SORT_BY_ALIGNMENT(NonCacheable))
 *(SORT_BY_ALIGNMENT(.bss*))
 .bss.s_debugConsole
                0x20000004       0x14 ./utilities/fsl_debug_console.o
 .bss.g_xtalFreq
                0x20000018        0x4 ./drivers/fsl_clock.o
                0x20000018                g_xtalFreq
 .bss.g_rtcXtalFreq
                0x2000001c        0x4 ./drivers/fsl_clock.o
                0x2000001c                g_rtcXtalFreq
 .bss.s_lpuartHandle
                0x20000020       0x24 ./drivers/fsl_lpuart.o
                0x20000020                s_lpuartHandle
 .bss.s_lpuartIsr
                0x20000044        0x4 ./drivers/fsl_lpuart.o
                0x20000044                s_lpuartIsr
 .bss.errno     0x20000048        0x4 c:/nxp/mcuxpressoide_11.5.0_7232/ide/plugins/com.nxp.mcuxpresso.tools.win32_11.5.0.202107051138/tools/bin/../lib/gcc/arm-none-eabi/10.3.1/../../../../arm-none-eabi/lib/thumb/v7e-m+dp/hard\libcr_c.a(errno.o)
                0x20000048                errno
 .bss.__Ciob    0x2000004c       0xb4 c:/nxp/mcuxpressoide_11.5.0_7232/ide/plugins/com.nxp.mcuxpresso.tools.win32_11.5.0.202107051138/tools/bin/../lib/gcc/arm-none-eabi/10.3.1/../../../../arm-none-eabi/lib/thumb/v7e-m+dp/hard\libcr_nohost_nf.a(__ciob.o)
                0x2000004c                __Ciob
 *(SORT_BY_ALIGNMENT(COMMON))
                0x20000100                . = ALIGN (0x4)
                0x20000100                _ebss = .
                [!provide]                PROVIDE (__end_bss_RAM = .)
                [!provide]                PROVIDE (__end_bss_SRAM_DTC = .)
                [!provide]                PROVIDE (end = .)

.noinit_RAM2    0x00000000        0x0
                [!provide]                PROVIDE (__start_noinit_RAM2 = .)
                [!provide]                PROVIDE (__start_noinit_SRAM_ITC = .)
 *(SORT_BY_ALIGNMENT(.noinit.$RAM2))
 *(SORT_BY_ALIGNMENT(.noinit.$SRAM_ITC))
 *(SORT_BY_ALIGNMENT(.noinit.$RAM2.*))
 *(SORT_BY_ALIGNMENT(.noinit.$SRAM_ITC.*))
                0x00000000                . = ALIGN (0x4)
                [!provide]                PROVIDE (__end_noinit_RAM2 = .)
                [!provide]                PROVIDE (__end_noinit_SRAM_ITC = .)

.noinit_RAM3    0x20200000        0x0
                [!provide]                PROVIDE (__start_noinit_RAM3 = .)
                [!provide]                PROVIDE (__start_noinit_SRAM_OC = .)
 *(SORT_BY_ALIGNMENT(.noinit.$RAM3))
 *(SORT_BY_ALIGNMENT(.noinit.$SRAM_OC))
 *(SORT_BY_ALIGNMENT(.noinit.$RAM3.*))
 *(SORT_BY_ALIGNMENT(.noinit.$SRAM_OC.*))
                0x20200000                . = ALIGN (0x4)
                [!provide]                PROVIDE (__end_noinit_RAM3 = .)
                [!provide]                PROVIDE (__end_noinit_SRAM_OC = .)

.noinit_RAM4    0x80000000        0x0
                [!provide]                PROVIDE (__start_noinit_RAM4 = .)
                [!provide]                PROVIDE (__start_noinit_BOARD_SDRAM = .)
 *(SORT_BY_ALIGNMENT(.noinit.$RAM4))
 *(SORT_BY_ALIGNMENT(.noinit.$BOARD_SDRAM))
 *(SORT_BY_ALIGNMENT(.noinit.$RAM4.*))
 *(SORT_BY_ALIGNMENT(.noinit.$BOARD_SDRAM.*))
                0x80000000                . = ALIGN (0x4)
                [!provide]                PROVIDE (__end_noinit_RAM4 = .)
                [!provide]                PROVIDE (__end_noinit_BOARD_SDRAM = .)

.noinit_RAM5    0x81e00000        0x0
                [!provide]                PROVIDE (__start_noinit_RAM5 = .)
                [!provide]                PROVIDE (__start_noinit_NCACHE_REGION = .)
 *(SORT_BY_ALIGNMENT(.noinit.$RAM5))
 *(SORT_BY_ALIGNMENT(.noinit.$NCACHE_REGION))
 *(SORT_BY_ALIGNMENT(.noinit.$RAM5.*))
 *(SORT_BY_ALIGNMENT(.noinit.$NCACHE_REGION.*))
                0x81e00000                . = ALIGN (0x4)
                [!provide]                PROVIDE (__end_noinit_RAM5 = .)
                [!provide]                PROVIDE (__end_noinit_NCACHE_REGION = .)

.noinit         0x20000100        0x0
                0x20000100                _noinit = .
                [!provide]                PROVIDE (__start_noinit_RAM = .)
                [!provide]                PROVIDE (__start_noinit_SRAM_DTC = .)
 *(SORT_BY_ALIGNMENT(.noinit*))
                0x20000100                . = ALIGN (0x4)
                0x20000100                _end_noinit = .
                [!provide]                PROVIDE (__end_noinit_RAM = .)
                [!provide]                PROVIDE (__end_noinit_SRAM_DTC = .)
                0x00001000                _HeapSize = 0x1000

.heap           0x20000100     0x1000
                0x20000100                _pvHeapStart = .
                0x20001100                . = (. + _HeapSize)
 *fill*         0x20000100     0x1000 
                0x20001100                . = ALIGN (0x4)
                0x20001100                _pvHeapLimit = .
                0x00001000                _StackSize = 0x1000

.heap2stackfill
                0x20001100     0x1000
                0x20002100                . = (. + _StackSize)
 *fill*         0x20001100     0x1000 

.stack          0x2001f000        0x0
                0x2001f000                _vStackBase = .
                0x2001f000                . = ALIGN (0x4)
                0x20020000                _vStackTop = (. + _StackSize)
                0x60002000                _image_start = LOADADDR (.text)
                0x60007604                _image_end = (LOADADDR (.data) + SIZEOF (.data))
                0x00005604                _image_size = (_image_end - _image_start)
OUTPUT(evkbimxrt1050 _rs485_test_lpuart_polling.axf elf32-littlearm)
LOAD linker stubs

.debug_info     0x00000000     0xd6cc
 .debug_info    0x00000000      0x7e4 ./xip/evkbimxrt1050_flexspi_nor_config.o
 .debug_info    0x000007e4      0x445 ./xip/fsl_flexspi_nor_boot.o
 .debug_info    0x00000c29       0xaa ./utilities/fsl_assert.o
 .debug_info    0x00000cd3      0xe40 ./utilities/fsl_debug_console.o
 .debug_info    0x00001b13      0xdcb ./startup/startup_mimxrt1052.o
 .debug_info    0x000028de      0xa59 ./source/lpuart_polling.o
 .debug_info    0x00003337       0x3c ./source/semihost_hardfault.o
 .debug_info    0x00003373     0x24b0 ./drivers/fsl_clock.o
 .debug_info    0x00005823       0xf5 ./drivers/fsl_common_arm.o
 .debug_info    0x00005918      0xda9 ./drivers/fsl_gpio.o
 .debug_info    0x000066c1     0x2656 ./drivers/fsl_lpuart.o
 .debug_info    0x00008d17      0xc4b ./device/system_MIMXRT1052.o
 .debug_info    0x00009962      0xacd ./component/uart/fsl_adapter_lpuart.o
 .debug_info    0x0000a42f      0xf54 ./board/board.o
 .debug_info    0x0000b383     0x1904 ./board/clock_config.o
 .debug_info    0x0000cc87      0xa45 ./board/pin_mux.o

.debug_abbrev   0x00000000     0x1d67
 .debug_abbrev  0x00000000      0x10a ./xip/evkbimxrt1050_flexspi_nor_config.o
 .debug_abbrev  0x0000010a       0xe2 ./xip/fsl_flexspi_nor_boot.o
 .debug_abbrev  0x000001ec       0x66 ./utilities/fsl_assert.o
 .debug_abbrev  0x00000252      0x24b ./utilities/fsl_debug_console.o
 .debug_abbrev  0x0000049d      0x152 ./startup/startup_mimxrt1052.o
 .debug_abbrev  0x000005ef      0x1b9 ./source/lpuart_polling.o
 .debug_abbrev  0x000007a8       0x31 ./source/semihost_hardfault.o
 .debug_abbrev  0x000007d9      0x33b ./drivers/fsl_clock.o
 .debug_abbrev  0x00000b14       0x92 ./drivers/fsl_common_arm.o
 .debug_abbrev  0x00000ba6      0x2a1 ./drivers/fsl_gpio.o
 .debug_abbrev  0x00000e47      0x479 ./drivers/fsl_lpuart.o
 .debug_abbrev  0x000012c0      0x15d ./device/system_MIMXRT1052.o
 .debug_abbrev  0x0000141d      0x1ad ./component/uart/fsl_adapter_lpuart.o
 .debug_abbrev  0x000015ca      0x287 ./board/board.o
 .debug_abbrev  0x00001851      0x2b5 ./board/clock_config.o
 .debug_abbrev  0x00001b06      0x261 ./board/pin_mux.o

.debug_aranges  0x00000000      0xbd0
 .debug_aranges
                0x00000000       0x18 ./xip/evkbimxrt1050_flexspi_nor_config.o
 .debug_aranges
                0x00000018       0x18 ./xip/fsl_flexspi_nor_boot.o
 .debug_aranges
                0x00000030       0x20 ./utilities/fsl_assert.o
 .debug_aranges
                0x00000050       0x90 ./utilities/fsl_debug_console.o
 .debug_aranges
                0x000000e0      0x540 ./startup/startup_mimxrt1052.o
 .debug_aranges
                0x00000620       0x30 ./source/lpuart_polling.o
 .debug_aranges
                0x00000650       0x20 ./source/semihost_hardfault.o
 .debug_aranges
                0x00000670      0x1b0 ./drivers/fsl_clock.o
 .debug_aranges
                0x00000820       0x28 ./drivers/fsl_common_arm.o
 .debug_aranges
                0x00000848       0x58 ./drivers/fsl_gpio.o
 .debug_aranges
                0x000008a0      0x188 ./drivers/fsl_lpuart.o
 .debug_aranges
                0x00000a28       0x30 ./device/system_MIMXRT1052.o
 .debug_aranges
                0x00000a58       0x58 ./component/uart/fsl_adapter_lpuart.o
 .debug_aranges
                0x00000ab0       0x58 ./board/board.o
 .debug_aranges
                0x00000b08       0x78 ./board/clock_config.o
 .debug_aranges
                0x00000b80       0x50 ./board/pin_mux.o

.debug_macro    0x00000000    0x2b147
 .debug_macro   0x00000000      0x136 ./xip/evkbimxrt1050_flexspi_nor_config.o
 .debug_macro   0x00000136      0xad2 ./xip/evkbimxrt1050_flexspi_nor_config.o
 .debug_macro   0x00000c08       0x10 ./xip/evkbimxrt1050_flexspi_nor_config.o
 .debug_macro   0x00000c18      0x12e ./xip/evkbimxrt1050_flexspi_nor_config.o
 .debug_macro   0x00000d46      0x5b3 ./xip/evkbimxrt1050_flexspi_nor_config.o
 .debug_macro   0x000012f9       0x22 ./xip/evkbimxrt1050_flexspi_nor_config.o
 .debug_macro   0x0000131b       0x16 ./xip/evkbimxrt1050_flexspi_nor_config.o
 .debug_macro   0x00001331       0x22 ./xip/evkbimxrt1050_flexspi_nor_config.o
 .debug_macro   0x00001353       0x10 ./xip/evkbimxrt1050_flexspi_nor_config.o
 .debug_macro   0x00001363       0x4d ./xip/evkbimxrt1050_flexspi_nor_config.o
 .debug_macro   0x000013b0       0x1c ./xip/evkbimxrt1050_flexspi_nor_config.o
 .debug_macro   0x000013cc       0x22 ./xip/evkbimxrt1050_flexspi_nor_config.o
 .debug_macro   0x000013ee       0xfb ./xip/evkbimxrt1050_flexspi_nor_config.o
 .debug_macro   0x000014e9     0x1305 ./xip/evkbimxrt1050_flexspi_nor_config.o
 .debug_macro   0x000027ee      0x11f ./xip/evkbimxrt1050_flexspi_nor_config.o
 .debug_macro   0x0000290d       0x27 ./xip/evkbimxrt1050_flexspi_nor_config.o
 .debug_macro   0x00002934       0x22 ./xip/evkbimxrt1050_flexspi_nor_config.o
 .debug_macro   0x00002956    0x24b4c ./xip/evkbimxrt1050_flexspi_nor_config.o
 .debug_macro   0x000274a2      0x841 ./xip/evkbimxrt1050_flexspi_nor_config.o
 .debug_macro   0x00027ce3       0x7a ./xip/evkbimxrt1050_flexspi_nor_config.o
 .debug_macro   0x00027d5d       0xaf ./xip/evkbimxrt1050_flexspi_nor_config.o
 .debug_macro   0x00027e0c      0x24e ./xip/evkbimxrt1050_flexspi_nor_config.o
 .debug_macro   0x0002805a      0x1a4 ./xip/evkbimxrt1050_flexspi_nor_config.o
 .debug_macro   0x000281fe      0x161 ./xip/fsl_flexspi_nor_boot.o
 .debug_macro   0x0002835f      0x12a ./xip/fsl_flexspi_nor_boot.o
 .debug_macro   0x00028489       0x10 ./xip/fsl_flexspi_nor_boot.o
 .debug_macro   0x00028499      0x142 ./xip/fsl_flexspi_nor_boot.o
 .debug_macro   0x000285db       0x7c ./xip/fsl_flexspi_nor_boot.o
 .debug_macro   0x00028657      0x132 ./utilities/fsl_assert.o
 .debug_macro   0x00028789       0x1c ./utilities/fsl_assert.o
 .debug_macro   0x000287a5       0x1c ./utilities/fsl_assert.o
 .debug_macro   0x000287c1       0x1c ./utilities/fsl_assert.o
 .debug_macro   0x000287dd       0x2e ./utilities/fsl_assert.o
 .debug_macro   0x0002880b      0x158 ./utilities/fsl_debug_console.o
 .debug_macro   0x00028963       0x16 ./utilities/fsl_debug_console.o
 .debug_macro   0x00028979       0x10 ./utilities/fsl_debug_console.o
 .debug_macro   0x00028989       0x28 ./utilities/fsl_debug_console.o
 .debug_macro   0x000289b1       0xc4 ./utilities/fsl_debug_console.o
 .debug_macro   0x00028a75       0x16 ./utilities/fsl_debug_console.o
 .debug_macro   0x00028a8b       0x46 ./utilities/fsl_debug_console.o
 .debug_macro   0x00028ad1       0x29 ./startup/startup_mimxrt1052.o
 .debug_macro   0x00028afa      0x1aa ./source/lpuart_polling.o
 .debug_macro   0x00028ca4       0x70 ./source/lpuart_polling.o
 .debug_macro   0x00028d14       0x16 ./source/lpuart_polling.o
 .debug_macro   0x00028d2a       0xd2 ./source/lpuart_polling.o
 .debug_macro   0x00028dfc       0x11 ./source/semihost_hardfault.o
 .debug_macro   0x00028e0d      0x121 ./drivers/fsl_clock.o
 .debug_macro   0x00028f2e      0x121 ./drivers/fsl_common_arm.o
 .debug_macro   0x0002904f      0x131 ./drivers/fsl_gpio.o
 .debug_macro   0x00029180      0x130 ./drivers/fsl_lpuart.o
 .debug_macro   0x000292b0       0x10 ./drivers/fsl_lpuart.o
 .debug_macro   0x000292c0       0xa7 ./device/system_MIMXRT1052.o
 .debug_macro   0x00029367      0x143 ./component/uart/fsl_adapter_lpuart.o
 .debug_macro   0x000294aa       0x40 ./component/uart/fsl_adapter_lpuart.o
 .debug_macro   0x000294ea      0x160 ./board/board.o
 .debug_macro   0x0002964a      0x130 ./board/board.o
 .debug_macro   0x0002977a     0x1764 ./board/board.o
 .debug_macro   0x0002aede      0x133 ./board/clock_config.o
 .debug_macro   0x0002b011      0x136 ./board/pin_mux.o

.debug_line     0x00000000     0x81fe
 .debug_line    0x00000000      0x410 ./xip/evkbimxrt1050_flexspi_nor_config.o
 .debug_line    0x00000410      0x493 ./xip/fsl_flexspi_nor_boot.o
 .debug_line    0x000008a3      0x418 ./utilities/fsl_assert.o
 .debug_line    0x00000cbb      0xe74 ./utilities/fsl_debug_console.o
 .debug_line    0x00001b2f      0xf47 ./startup/startup_mimxrt1052.o
 .debug_line    0x00002a76      0x735 ./source/lpuart_polling.o
 .debug_line    0x000031ab       0x59 ./source/semihost_hardfault.o
 .debug_line    0x00003204     0x11c2 ./drivers/fsl_clock.o
 .debug_line    0x000043c6      0x3b9 ./drivers/fsl_common_arm.o
 .debug_line    0x0000477f      0x59b ./drivers/fsl_gpio.o
 .debug_line    0x00004d1a     0x145a ./drivers/fsl_lpuart.o
 .debug_line    0x00006174      0x4fd ./device/system_MIMXRT1052.o
 .debug_line    0x00006671      0x5bc ./component/uart/fsl_adapter_lpuart.o
 .debug_line    0x00006c2d      0x8ae ./board/board.o
 .debug_line    0x000074db      0x7f4 ./board/clock_config.o
 .debug_line    0x00007ccf      0x52f ./board/pin_mux.o

.debug_str      0x00000000   0x15954d
 .debug_str     0x00000000   0x141a50 ./xip/evkbimxrt1050_flexspi_nor_config.o
                             0x141adf (size before relaxing)
 .debug_str     0x00141a50     0x14e6 ./xip/fsl_flexspi_nor_boot.o
                             0x14226b (size before relaxing)
 .debug_str     0x00142f36      0x1d0 ./utilities/fsl_assert.o
                             0x140637 (size before relaxing)
 .debug_str     0x00143106      0xda4 ./utilities/fsl_debug_console.o
                             0x141d36 (size before relaxing)
 .debug_str     0x00143eaa      0xdb3 ./startup/startup_mimxrt1052.o
                               0x3c73 (size before relaxing)
 .debug_str     0x00144c5d      0xbbd ./source/lpuart_polling.o
                             0x142c79 (size before relaxing)
 .debug_str     0x0014581a       0x1f ./source/semihost_hardfault.o
                               0x2e7b (size before relaxing)
 .debug_str     0x00145839     0x1a4e ./drivers/fsl_clock.o
                             0x1428a0 (size before relaxing)
 .debug_str     0x00147287       0x8b ./drivers/fsl_common_arm.o
                             0x1404fc (size before relaxing)
 .debug_str     0x00147312      0x914 ./drivers/fsl_gpio.o
                             0x1417fb (size before relaxing)
 .debug_str     0x00147c26     0x168f ./drivers/fsl_lpuart.o
                             0x143201 (size before relaxing)
 .debug_str     0x001492b5      0x1ec ./device/system_MIMXRT1052.o
                             0x13da68 (size before relaxing)
 .debug_str     0x001494a1      0x133 ./component/uart/fsl_adapter_lpuart.o
                             0x1417d8 (size before relaxing)
 .debug_str     0x001495d4     0xfbb3 ./board/board.o
                             0x151b12 (size before relaxing)
 .debug_str     0x00159187      0x308 ./board/clock_config.o
                             0x152475 (size before relaxing)
 .debug_str     0x0015948f       0xbe ./board/pin_mux.o
                             0x150bc5 (size before relaxing)

.comment        0x00000000       0x49
 .comment       0x00000000       0x49 ./xip/evkbimxrt1050_flexspi_nor_config.o
                                 0x4a (size before relaxing)
 .comment       0x00000049       0x4a ./xip/fsl_flexspi_nor_boot.o
 .comment       0x00000049       0x4a ./utilities/fsl_assert.o
 .comment       0x00000049       0x4a ./utilities/fsl_debug_console.o
 .comment       0x00000049       0x4a ./startup/startup_mimxrt1052.o
 .comment       0x00000049       0x4a ./source/lpuart_polling.o
 .comment       0x00000049       0x4a ./source/semihost_hardfault.o
 .comment       0x00000049       0x4a ./drivers/fsl_clock.o
 .comment       0x00000049       0x4a ./drivers/fsl_common_arm.o
 .comment       0x00000049       0x4a ./drivers/fsl_gpio.o
 .comment       0x00000049       0x4a ./drivers/fsl_lpuart.o
 .comment       0x00000049       0x4a ./device/system_MIMXRT1052.o
 .comment       0x00000049       0x4a ./component/uart/fsl_adapter_lpuart.o
 .comment       0x00000049       0x4a ./board/board.o
 .comment       0x00000049       0x4a ./board/clock_config.o
 .comment       0x00000049       0x4a ./board/pin_mux.o
 .comment       0x00000049       0x4a c:/nxp/mcuxpressoide_11.5.0_7232/ide/plugins/com.nxp.mcuxpresso.tools.win32_11.5.0.202107051138/tools/bin/../lib/gcc/arm-none-eabi/10.3.1/../../../../arm-none-eabi/lib/thumb/v7e-m+dp/hard\libcr_nohost_nf.a(_cr__main.o)
 .comment       0x00000049       0x4a c:/nxp/mcuxpressoide_11.5.0_7232/ide/plugins/com.nxp.mcuxpresso.tools.win32_11.5.0.202107051138/tools/bin/../lib/gcc/arm-none-eabi/10.3.1/../../../../arm-none-eabi/lib/thumb/v7e-m+dp/hard\libcr_c.a(memcpy.o)
 .comment       0x00000049       0x4a c:/nxp/mcuxpressoide_11.5.0_7232/ide/plugins/com.nxp.mcuxpresso.tools.win32_11.5.0.202107051138/tools/bin/../lib/gcc/arm-none-eabi/10.3.1/../../../../arm-none-eabi/lib/thumb/v7e-m+dp/hard\libcr_c.a(memset.o)