../utilities/fsl_debug_console.c:113:10:DbgConsole_Init	40	static
../utilities/fsl_debug_console.c:148:10:DbgConsole_Deinit	8	static
../utilities/fsl_debug_console.c:165:5:DbgConsole_Printf	16	static
../utilities/fsl_debug_console.c:178:5:DbgConsole_Vprintf	24	static
../utilities/fsl_debug_console.c:194:5:DbgConsole_Putchar	16	static
../utilities/fsl_debug_console.c:207:5:DbgConsole_Scanf	40	static
../utilities/fsl_debug_console.c:266:5:DbgConsole_Getchar	16	static
../utilities/fsl_debug_console.c:290:17:DbgConsole_ScanIgnoreWhiteSpace	24	static
../utilities/fsl_debug_console.c:314:13:DbgConsole_PrintfPaddingCharacter	32	static
../utilities/fsl_debug_console.c:337:16:DbgConsole_ConvertRadixNumToString	64	static
../utilities/fsl_debug_console.c:495:16:DbgConsole_ConvertFloatRadixNumToString	104	static
../utilities/fsl_debug_console.c:605:12:DbgConsole_PrintfFormattedData	136	static
../utilities/fsl_debug_console.c:1187:12:DbgConsole_ScanfFormattedData	72	static
c:\nxp\mcuxpressoide_11.5.0_7232\ide\plugins\com.nxp.mcuxpresso.tools.win32_11.5.0.202107051138\tools\redlib\include\sys\libconfig-arm.h:247:5:__sys_write	24	static
c:\nxp\mcuxpressoide_11.5.0_7232\ide\plugins\com.nxp.mcuxpresso.tools.win32_11.5.0.202107051138\tools\redlib\include\sys\libconfig-arm.h:241:5:__sys_readc	16	static
