C:\Users\digi-pc-1\Documents\MCUXpressoIDE_11.5.0_7232\workspace\evkbimxrt1050 _rs485_test_lpuart_polling\drivers/fsl_common_arm.h:210:20:_SDK_AtomicLocalClearAndSet4Byte	48	static
C:\Users\digi-pc-1\Documents\MCUXpressoIDE_11.5.0_7232\workspace\evkbimxrt1050 _rs485_test_lpuart_polling\drivers/fsl_clock.h:1377:20:CLOCK_SetMux	24	static
C:\Users\digi-pc-1\Documents\MCUXpressoIDE_11.5.0_7232\workspace\evkbimxrt1050 _rs485_test_lpuart_polling\drivers/fsl_clock.h:1429:20:CLOCK_SetDiv	24	static
C:\Users\digi-pc-1\Documents\MCUXpressoIDE_11.5.0_7232\workspace\evkbimxrt1050 _rs485_test_lpuart_polling\drivers/fsl_clock.h:1465:20:CLOCK_ControlGate	32	static
C:\Users\digi-pc-1\Documents\MCUXpressoIDE_11.5.0_7232\workspace\evkbimxrt1050 _rs485_test_lpuart_polling\drivers/fsl_clock.h:1492:20:CLOCK_DisableClock	16	static
C:\Users\digi-pc-1\Documents\MCUXpressoIDE_11.5.0_7232\workspace\evkbimxrt1050 _rs485_test_lpuart_polling\drivers/fsl_clock.h:1632:20:CLOCK_SetXtalFreq	16	static
C:\Users\digi-pc-1\Documents\MCUXpressoIDE_11.5.0_7232\workspace\evkbimxrt1050 _rs485_test_lpuart_polling\drivers/fsl_clock.h:1642:20:CLOCK_SetRtcXtalFreq	16	static
C:\Users\digi-pc-1\Documents\MCUXpressoIDE_11.5.0_7232\workspace\evkbimxrt1050 _rs485_test_lpuart_polling\drivers/fsl_clock.h:1699:20:CLOCK_SetPllBypass	24	static
C:\Users\digi-pc-1\Documents\MCUXpressoIDE_11.5.0_7232\workspace\evkbimxrt1050 _rs485_test_lpuart_polling\drivers/fsl_iomuxc.h:1167:20:IOMUXC_SetSaiMClkClockSource	24	static
C:\Users\digi-pc-1\Documents\MCUXpressoIDE_11.5.0_7232\workspace\evkbimxrt1050 _rs485_test_lpuart_polling\drivers/fsl_iomuxc.h:1227:20:IOMUXC_MQSConfig	24	static
../board/clock_config.c:42:6:BOARD_InitBootClocks	8	static
../board/clock_config.c:164:6:BOARD_BootClockRUN	16	static
