C:\Users\digi-pc-1\Documents\MCUXpressoIDE_11.5.0_7232\workspace\evkbimxrt1050 _rs485_test_lpuart_polling\drivers/fsl_common_arm.h:210:20:_SDK_AtomicLocalClearAndSet4Byte	48	static
C:\Users\digi-pc-1\Documents\MCUXpressoIDE_11.5.0_7232\workspace\evkbimxrt1050 _rs485_test_lpuart_polling\drivers/fsl_clock.h:1465:20:CLOCK_ControlGate	32	static
C:\Users\digi-pc-1\Documents\MCUXpressoIDE_11.5.0_7232\workspace\evkbimxrt1050 _rs485_test_lpuart_polling\drivers/fsl_clock.h:1482:20:CLOCK_EnableClock	16	static
C:\Users\digi-pc-1\Documents\MCUXpressoIDE_11.5.0_7232\workspace\evkbimxrt1050 _rs485_test_lpuart_polling\drivers/fsl_iomuxc.h:1092:20:IOMUXC_SetPinMux	24	static
C:\Users\digi-pc-1\Documents\MCUXpressoIDE_11.5.0_7232\workspace\evkbimxrt1050 _rs485_test_lpuart_polling\drivers/fsl_iomuxc.h:1124:20:IOMUXC_SetPinConfig	24	static
../board/pin_mux.c:29:6:BOARD_InitBootPins	8	static
../board/pin_mux.c:54:6:BOARD_InitPins	24	static
